Release 14.7 - xst P.20131013 (nt64)
Copyright (c) 1995-2013 Xilinx, Inc.  All rights reserved.
--> Parameter TMPDIR set to xst/projnav.tmp


Total REAL time to Xst completion: 0.00 secs
Total CPU time to Xst completion: 0.09 secs
 
--> Parameter xsthdpdir set to xst


Total REAL time to Xst completion: 0.00 secs
Total CPU time to Xst completion: 0.09 secs
 
--> Reading design: gra.prj

TABLE OF CONTENTS
  1) Synthesis Options Summary
  2) HDL Compilation
  3) Design Hierarchy Analysis
  4) HDL Analysis
  5) HDL Synthesis
     5.1) HDL Synthesis Report
  6) Advanced HDL Synthesis
     6.1) Advanced HDL Synthesis Report
  7) Low Level Synthesis
  8) Partition Report
  9) Final Report
	9.1) Device utilization summary
	9.2) Partition Resource Summary
	9.3) TIMING REPORT


=========================================================================
*                      Synthesis Options Summary                        *
=========================================================================
---- Source Parameters
Input File Name                    : "gra.prj"
Input Format                       : mixed
Ignore Synthesis Constraint File   : NO

---- Target Parameters
Output File Name                   : "gra"
Output Format                      : NGC
Target Device                      : xc3s50a-5-tq144

---- Source Options
Top Module Name                    : gra
Automatic FSM Extraction           : YES
FSM Encoding Algorithm             : Auto
Safe Implementation                : No
FSM Style                          : LUT
RAM Extraction                     : Yes
RAM Style                          : Auto
ROM Extraction                     : Yes
Mux Style                          : Auto
Decoder Extraction                 : YES
Priority Encoder Extraction        : Yes
Shift Register Extraction          : YES
Logical Shifter Extraction         : YES
XOR Collapsing                     : YES
ROM Style                          : Auto
Mux Extraction                     : Yes
Resource Sharing                   : YES
Asynchronous To Synchronous        : NO
Multiplier Style                   : Auto
Automatic Register Balancing       : No

---- Target Options
Add IO Buffers                     : YES
Global Maximum Fanout              : 100000
Add Generic Clock Buffer(BUFG)     : 24
Register Duplication               : YES
Slice Packing                      : YES
Optimize Instantiated Primitives   : NO
Use Clock Enable                   : Yes
Use Synchronous Set                : Yes
Use Synchronous Reset              : Yes
Pack IO Registers into IOBs        : Auto
Equivalent register Removal        : YES

---- General Options
Optimization Goal                  : Speed
Optimization Effort                : 1
Keep Hierarchy                     : No
Netlist Hierarchy                  : As_Optimized
RTL Output                         : Yes
Global Optimization                : AllClockNets
Read Cores                         : YES
Write Timing Constraints           : NO
Cross Clock Analysis               : NO
Hierarchy Separator                : /
Bus Delimiter                      : <>
Case Specifier                     : Maintain
Slice Utilization Ratio            : 100
BRAM Utilization Ratio             : 100
Verilog 2001                       : YES
Auto BRAM Packing                  : NO
Slice Utilization Ratio Delta      : 5

=========================================================================


=========================================================================
*                          HDL Compilation                              *
=========================================================================
Compiling vhdl file "D:/projekty/GraVGA/display.vhd" in Library work.
Entity <display> compiled.
Entity <display> (Architecture <behavioral>) compiled.
Compiling vhdl file "D:/projekty/GraVGA/kwadrat.vhd" in Library work.
Entity <kwadrat> compiled.
Entity <kwadrat> (Architecture <behavioral>) compiled.
Compiling vhdl file "D:/projekty/GraVGA/czestotliwosc.vhd" in Library work.
Architecture behavioral of Entity czestotliwosc is up to date.
Compiling vhdl file "D:/projekty/GraVGA/synchronizacja.vhd" in Library work.
Architecture behavioral of Entity synchronizacja is up to date.
Compiling vhdl file "D:/projekty/GraVGA/gra.vhd" in Library work.
Architecture behavioral of Entity gra is up to date.

=========================================================================
*                     Design Hierarchy Analysis                         *
=========================================================================
Analyzing hierarchy for entity <gra> in library <work> (architecture <behavioral>).

Analyzing hierarchy for entity <czestotliwosc> in library <work> (architecture <behavioral>).

Analyzing hierarchy for entity <synchronizacja> in library <work> (architecture <Behavioral>).

Analyzing hierarchy for entity <kwadrat> in library <work> (architecture <Behavioral>).

Analyzing hierarchy for entity <display> in library <work> (architecture <Behavioral>).


=========================================================================
*                            HDL Analysis                               *
=========================================================================
Analyzing Entity <gra> in library <work> (Architecture <behavioral>).
WARNING:Xst:752 - "D:/projekty/GraVGA/gra.vhd" line 27: Unconnected input port 'RST_IN' of component 'czestotliwosc' is tied to default value.
WARNING:Xst:753 - "D:/projekty/GraVGA/gra.vhd" line 27: Unconnected output port 'CLKIN_IBUFG_OUT' of component 'czestotliwosc'.
WARNING:Xst:753 - "D:/projekty/GraVGA/gra.vhd" line 27: Unconnected output port 'CLK0_OUT' of component 'czestotliwosc'.
WARNING:Xst:753 - "D:/projekty/GraVGA/gra.vhd" line 27: Unconnected output port 'LOCKED_OUT' of component 'czestotliwosc'.
Entity <gra> analyzed. Unit <gra> generated.

Analyzing Entity <czestotliwosc> in library <work> (Architecture <behavioral>).
    Set user-defined property "CAPACITANCE =  DONT_CARE" for instance <CLKIN_IBUFG_INST> in unit <czestotliwosc>.
    Set user-defined property "IBUF_DELAY_VALUE =  0" for instance <CLKIN_IBUFG_INST> in unit <czestotliwosc>.
    Set user-defined property "IBUF_LOW_PWR =  TRUE" for instance <CLKIN_IBUFG_INST> in unit <czestotliwosc>.
    Set user-defined property "IOSTANDARD =  DEFAULT" for instance <CLKIN_IBUFG_INST> in unit <czestotliwosc>.
    Set user-defined property "CLKDV_DIVIDE =  2.0000000000000000" for instance <DCM_SP_INST> in unit <czestotliwosc>.
    Set user-defined property "CLKFX_DIVIDE =  12" for instance <DCM_SP_INST> in unit <czestotliwosc>.
    Set user-defined property "CLKFX_MULTIPLY =  25" for instance <DCM_SP_INST> in unit <czestotliwosc>.
    Set user-defined property "CLKIN_DIVIDE_BY_2 =  FALSE" for instance <DCM_SP_INST> in unit <czestotliwosc>.
    Set user-defined property "CLKIN_PERIOD =  83.3329999999999980" for instance <DCM_SP_INST> in unit <czestotliwosc>.
    Set user-defined property "CLKOUT_PHASE_SHIFT =  NONE" for instance <DCM_SP_INST> in unit <czestotliwosc>.
    Set user-defined property "CLK_FEEDBACK =  1X" for instance <DCM_SP_INST> in unit <czestotliwosc>.
    Set user-defined property "DESKEW_ADJUST =  SYSTEM_SYNCHRONOUS" for instance <DCM_SP_INST> in unit <czestotliwosc>.
    Set user-defined property "DFS_FREQUENCY_MODE =  LOW" for instance <DCM_SP_INST> in unit <czestotliwosc>.
    Set user-defined property "DLL_FREQUENCY_MODE =  LOW" for instance <DCM_SP_INST> in unit <czestotliwosc>.
    Set user-defined property "DSS_MODE =  NONE" for instance <DCM_SP_INST> in unit <czestotliwosc>.
    Set user-defined property "DUTY_CYCLE_CORRECTION =  TRUE" for instance <DCM_SP_INST> in unit <czestotliwosc>.
    Set user-defined property "FACTORY_JF =  C080" for instance <DCM_SP_INST> in unit <czestotliwosc>.
    Set user-defined property "PHASE_SHIFT =  0" for instance <DCM_SP_INST> in unit <czestotliwosc>.
    Set user-defined property "STARTUP_WAIT =  FALSE" for instance <DCM_SP_INST> in unit <czestotliwosc>.
Entity <czestotliwosc> analyzed. Unit <czestotliwosc> generated.

Analyzing Entity <synchronizacja> in library <work> (Architecture <Behavioral>).
Entity <synchronizacja> analyzed. Unit <synchronizacja> generated.

Analyzing Entity <kwadrat> in library <work> (Architecture <Behavioral>).
Entity <kwadrat> analyzed. Unit <kwadrat> generated.

Analyzing Entity <display> in library <work> (Architecture <Behavioral>).
Entity <display> analyzed. Unit <display> generated.


=========================================================================
*                           HDL Synthesis                               *
=========================================================================

Performing bidirectional port resolution...

Synthesizing Unit <display>.
    Related source file is "D:/projekty/GraVGA/display.vhd".
WARNING:Xst:647 - Input <clk> is never used. This port will be preserved and left unconnected if it belongs to a top-level block or it belongs to a sub-block and the hierarchy of this sub-block is preserved.
    Found 16x8-bit ROM for signal <segment>.
    Summary:
	inferred   1 ROM(s).
Unit <display> synthesized.


Synthesizing Unit <czestotliwosc>.
    Related source file is "D:/projekty/GraVGA/czestotliwosc.vhd".
Unit <czestotliwosc> synthesized.


Synthesizing Unit <kwadrat>.
    Related source file is "D:/projekty/GraVGA/kwadrat.vhd".
WARNING:Xst:653 - Signal <koniec> is used but never assigned. This sourceless signal will be automatically connected to value 0.
    Found finite state machine <FSM_0> for signal <przyspieszenie>.
    -----------------------------------------------------------------------
    | States             | 2                                              |
    | Transitions        | 46                                             |
    | Inputs             | 9                                              |
    | Outputs            | 3                                              |
    | Clock              | clk                       (rising_edge)        |
    | Clock enable       | przyspieszenie$not0000    (positive)           |
    | Power Up State     | 00000000000000000000000000000000               |
    | Encoding           | automatic                                      |
    | Implementation     | LUT                                            |
    -----------------------------------------------------------------------
    Using one-hot encoding for signal <kolor>.
    Found 8-bit register for signal <rgb>.
    Found 32-bit up accumulator for signal <bokA>.
    Found 8-bit up counter for signal <czasprzyspieszenia>.
    Found 4-bit register for signal <kolor>.
    Found 32-bit comparator greatequal for signal <kolor$cmp_ge0000> created at line 186.
    Found 32-bit comparator greatequal for signal <kolor$cmp_ge0001> created at line 186.
    Found 32-bit comparator greatequal for signal <kolor$cmp_ge0002> created at line 183.
    Found 32-bit comparator greatequal for signal <kolor$cmp_ge0003> created at line 183.
    Found 32-bit comparator greater for signal <kolor$cmp_gt0000> created at line 185.
    Found 32-bit comparator greater for signal <kolor$cmp_gt0001> created at line 185.
    Found 32-bit comparator lessequal for signal <kolor$cmp_le0000> created at line 186.
    Found 32-bit comparator lessequal for signal <kolor$cmp_le0001> created at line 186.
    Found 32-bit comparator less for signal <kolor$cmp_lt0000> created at line 185.
    Found 32-bit comparator less for signal <kolor$cmp_lt0001> created at line 185.
    Found 32-bit comparator less for signal <kolor$cmp_lt0002> created at line 193.
    Found 32-bit comparator less for signal <kolor$cmp_lt0003> created at line 195.
    Found 32-bit up counter for signal <losX>.
    Found 32-bit comparator less for signal <losX$cmp_lt0000> created at line 83.
    Found 32-bit up counter for signal <losY>.
    Found 32-bit register for signal <pozycjajedzeniaX>.
    Found 32-bit register for signal <pozycjajedzeniaY>.
    Found 32-bit register for signal <pozycjakwadratuX>.
    Found 32-bit comparator greatequal for signal <pozycjakwadratuX$cmp_ge0000> created at line 51.
    Found 32-bit comparator lessequal for signal <pozycjakwadratuX$cmp_le0000> created at line 63.
    Found 32-bit 4-to-1 multiplexer for signal <pozycjakwadratuX$mux0003>.
    Found 32-bit 4-to-1 multiplexer for signal <pozycjakwadratuX$mux0004>.
    Found 32-bit addsub for signal <pozycjakwadratuX$share0000>.
    Found 32-bit addsub for signal <pozycjakwadratuX$share0001>.
    Found 32-bit register for signal <pozycjakwadratuY>.
    Found 32-bit comparator greatequal for signal <pozycjakwadratuY$cmp_ge0000> created at line 57.
    Found 32-bit comparator lessequal for signal <pozycjakwadratuY$cmp_le0000> created at line 45.
    Found 32-bit 4-to-1 multiplexer for signal <pozycjakwadratuY$mux0003>.
    Found 32-bit 4-to-1 multiplexer for signal <pozycjakwadratuY$mux0004>.
    Found 32-bit addsub for signal <pozycjakwadratuY$share0000>.
    Found 32-bit addsub for signal <pozycjakwadratuY$share0001>.
    Found 1-bit register for signal <przenies>.
    Found 32-bit adder for signal <przyspieszenie$add0000> created at line 101.
    Found 32-bit adder for signal <przyspieszenie$add0001> created at line 101.
    Found 32-bit comparator greatequal for signal <przyspieszenie$cmp_ge0000> created at line 101.
    Found 32-bit comparator greatequal for signal <przyspieszenie$cmp_ge0001> created at line 101.
    Found 32-bit comparator greater for signal <przyspieszenie$cmp_gt0000> created at line 101.
    Found 32-bit comparator greater for signal <przyspieszenie$cmp_gt0001> created at line 101.
    Found 32-bit comparator lessequal for signal <przyspieszenie$cmp_le0000> created at line 101.
    Found 32-bit comparator lessequal for signal <przyspieszenie$cmp_le0001> created at line 101.
    Found 32-bit comparator less for signal <przyspieszenie$cmp_lt0000> created at line 101.
    Found 32-bit comparator less for signal <przyspieszenie$cmp_lt0001> created at line 101.
    Found 32-bit subtractor for signal <przyspieszenie$sub0000> created at line 101.
    Found 32-bit subtractor for signal <przyspieszenie$sub0001> created at line 101.
    Found 4-bit up counter for signal <punkty>.
    Found 32-bit comparator greater for signal <rgb$cmp_gt0000> created at line 186.
    Found 32-bit comparator greater for signal <rgb$cmp_gt0001> created at line 186.
    Found 32-bit comparator less for signal <rgb$cmp_lt0000> created at line 183.
    Found 32-bit comparator less for signal <rgb$cmp_lt0001> created at line 183.
    Found 32-bit comparator less for signal <rgb$cmp_lt0002> created at line 186.
    Found 32-bit comparator less for signal <rgb$cmp_lt0003> created at line 186.
    Summary:
	inferred   1 Finite State Machine(s).
	inferred   4 Counter(s).
	inferred   1 Accumulator(s).
	inferred 141 D-type flip-flop(s).
	inferred   8 Adder/Subtractor(s).
	inferred  31 Comparator(s).
	inferred 128 Multiplexer(s).
Unit <kwadrat> synthesized.


Synthesizing Unit <synchronizacja>.
    Related source file is "D:/projekty/GraVGA/synchronizacja.vhd".
    Found 1-bit register for signal <vsync>.
    Found 1-bit register for signal <hsync>.
    Found 32-bit comparator greatequal for signal <hsync$cmp_ge0000> created at line 36.
    Found 32-bit comparator less for signal <hsync$cmp_lt0000> created at line 36.
    Found 32-bit comparator greatequal for signal <vsync$cmp_ge0000> created at line 30.
    Found 32-bit comparator less for signal <vsync$cmp_lt0000> created at line 30.
    Found 32-bit up counter for signal <x>.
    Found 32-bit up counter for signal <y>.
    Summary:
	inferred   2 Counter(s).
	inferred   2 D-type flip-flop(s).
	inferred   4 Comparator(s).
Unit <synchronizacja> synthesized.


Synthesizing Unit <gra>.
    Related source file is "D:/projekty/GraVGA/gra.vhd".
Unit <gra> synthesized.

INFO:Xst:1767 - HDL ADVISOR - Resource sharing has identified that some arithmetic operations in this design can share the same physical resources for reduced device utilization. For improved clock frequency you may try to disable resource sharing.

=========================================================================
HDL Synthesis Report

Macro Statistics
# ROMs                                                 : 1
 16x8-bit ROM                                          : 1
# Adders/Subtractors                                   : 8
 32-bit adder                                          : 2
 32-bit addsub                                         : 4
 32-bit subtractor                                     : 2
# Counters                                             : 6
 32-bit up counter                                     : 4
 4-bit up counter                                      : 1
 8-bit up counter                                      : 1
# Accumulators                                         : 1
 32-bit up accumulator                                 : 1
# Registers                                            : 9
 1-bit register                                        : 3
 32-bit register                                       : 4
 4-bit register                                        : 1
 8-bit register                                        : 1
# Comparators                                          : 35
 32-bit comparator greatequal                          : 10
 32-bit comparator greater                             : 6
 32-bit comparator less                                : 13
 32-bit comparator lessequal                           : 6
# Multiplexers                                         : 4
 32-bit 4-to-1 multiplexer                             : 4

=========================================================================

=========================================================================
*                       Advanced HDL Synthesis                          *
=========================================================================

Analyzing FSM <FSM_0> for best encoding.
Optimizing FSM <display/wezkwadrat/przyspieszenie/FSM> on signal <przyspieszenie[1:1]> with sequential encoding.
----------------------------------------------
 State                            | Encoding
----------------------------------------------
 00000000000000000000000000000000 | 0
 00000000000000000000000000001000 | 1
----------------------------------------------
WARNING:Xst:2677 - Node <kolor_0> of sequential type is unconnected in block <wezkwadrat>.
WARNING:Xst:2677 - Node <kolor_3> of sequential type is unconnected in block <wezkwadrat>.
WARNING:Xst:2677 - Node <kolor_0> of sequential type is unconnected in block <kwadrat>.
WARNING:Xst:2677 - Node <kolor_3> of sequential type is unconnected in block <kwadrat>.

=========================================================================
Advanced HDL Synthesis Report

Macro Statistics
# FSMs                                                 : 1
# ROMs                                                 : 1
 16x8-bit ROM                                          : 1
# Adders/Subtractors                                   : 8
 32-bit adder                                          : 2
 32-bit addsub                                         : 4
 32-bit subtractor                                     : 2
# Counters                                             : 6
 32-bit up counter                                     : 4
 4-bit up counter                                      : 1
 8-bit up counter                                      : 1
# Accumulators                                         : 1
 32-bit up accumulator                                 : 1
# Registers                                            : 141
 Flip-Flops                                            : 141
# Comparators                                          : 35
 32-bit comparator greatequal                          : 10
 32-bit comparator greater                             : 6
 32-bit comparator less                                : 13
 32-bit comparator lessequal                           : 6
# Multiplexers                                         : 4
 32-bit 4-to-1 multiplexer                             : 4

=========================================================================

=========================================================================
*                         Low Level Synthesis                           *
=========================================================================
INFO:Xst:2261 - The FF/Latch <rgb_3> in Unit <kwadrat> is equivalent to the following FF/Latch, which will be removed : <rgb_4> 
INFO:Xst:2261 - The FF/Latch <rgb_5> in Unit <kwadrat> is equivalent to the following 2 FFs/Latches, which will be removed : <rgb_6> <rgb_7> 

Optimizing unit <gra> ...

Optimizing unit <kwadrat> ...

Optimizing unit <synchronizacja> ...

Mapping all equations...
Building and optimizing final netlist ...
Found area constraint ratio of 100 (+ 5) on block gra, actual ratio is 92.

Final Macro Processing ...

=========================================================================
Final Register Report

Macro Statistics
# Registers                                            : 311
 Flip-Flops                                            : 311

=========================================================================

=========================================================================
*                           Partition Report                            *
=========================================================================

Partition Implementation Status
-------------------------------

  No Partitions were found in this design.

-------------------------------

=========================================================================
*                            Final Report                               *
=========================================================================
Final Results
RTL Top Level Output File Name     : gra.ngr
Top Level Output File Name         : gra
Output Format                      : NGC
Optimization Goal                  : Speed
Keep Hierarchy                     : No

Design Statistics
# IOs                              : 26

Cell Usage :
# BELS                             : 2576
#      GND                         : 1
#      INV                         : 75
#      LUT1                        : 208
#      LUT2                        : 518
#      LUT3                        : 61
#      LUT4                        : 302
#      LUT4_D                      : 7
#      LUT4_L                      : 9
#      MUXCY                       : 970
#      MUXF5                       : 2
#      VCC                         : 1
#      XORCY                       : 422
# FlipFlops/Latches                : 311
#      FDE                         : 104
#      FDR                         : 69
#      FDRE                        : 132
#      FDRS                        : 2
#      FDSE                        : 4
# Clock Buffers                    : 2
#      BUFG                        : 2
# IO Buffers                       : 26
#      IBUF                        : 4
#      IBUFG                       : 1
#      OBUF                        : 21
# DCMs                             : 1
#      DCM_SP                      : 1
=========================================================================

Device utilization summary:
---------------------------

Selected Device : 3s50atq144-5 

 Number of Slices:                      638  out of    704    90%  
 Number of Slice Flip Flops:            311  out of   1408    22%  
 Number of 4 input LUTs:               1180  out of   1408    83%  
 Number of IOs:                          26
 Number of bonded IOBs:                  26  out of    108    24%  
 Number of GCLKs:                         2  out of     24     8%  
 Number of DCMs:                          1  out of      2    50%  

---------------------------
Partition Resource Summary:
---------------------------

  No Partitions were found in this design.

---------------------------


=========================================================================
TIMING REPORT

NOTE: THESE TIMING NUMBERS ARE ONLY A SYNTHESIS ESTIMATE.
      FOR ACCURATE TIMING INFORMATION PLEASE REFER TO THE TRACE REPORT
      GENERATED AFTER PLACE-and-ROUTE.

Clock Information:
------------------
-----------------------------------+------------------------------+-------+
Clock Signal                       | Clock buffer(FF name)        | Load  |
-----------------------------------+------------------------------+-------+
clk                                | pixel_clock/DCM_SP_INST:CLKFX| 311   |
-----------------------------------+------------------------------+-------+

Asynchronous Control Signals Information:
----------------------------------------
No asynchronous control signals found in this design

Timing Summary:
---------------
Speed Grade: -5

   Minimum period: 22.208ns (Maximum Frequency: 45.029MHz)
   Minimum input arrival time before clock: 11.621ns
   Maximum output required time after clock: 6.710ns
   Maximum combinational path delay: No path found

Timing Detail:
--------------
All values displayed in nanoseconds (ns)

=========================================================================
Timing constraint: Default period analysis for Clock 'clk'
  Clock period: 22.208ns (frequency: 45.029MHz)
  Total number of paths / destination ports: 931448 / 694
-------------------------------------------------------------------------
Delay:               10.660ns (Levels of Logic = 45)
  Source:            display/wezkwadrat/pozycjakwadratuY_1 (FF)
  Destination:       display/wezkwadrat/pozycjakwadratuY_31 (FF)
  Source Clock:      clk rising 2.1X
  Destination Clock: clk rising 2.1X

  Data Path: display/wezkwadrat/pozycjakwadratuY_1 to display/wezkwadrat/pozycjakwadratuY_31
                                Gate     Net
    Cell:in->out      fanout   Delay   Delay  Logical Name (Net Name)
    ----------------------------------------  ------------
     FDRE:C->Q             6   0.495   0.677  display/wezkwadrat/pozycjakwadratuY_1 (display/wezkwadrat/pozycjakwadratuY_1)
     LUT1:I0->O            1   0.561   0.000  display/wezkwadrat/Mcompar_pozycjakwadratuY_cmp_le0000_cy<1>_rt (display/wezkwadrat/Mcompar_pozycjakwadratuY_cmp_le0000_cy<1>_rt)
     MUXCY:S->O            1   0.523   0.000  display/wezkwadrat/Mcompar_pozycjakwadratuY_cmp_le0000_cy<1> (display/wezkwadrat/Mcompar_pozycjakwadratuY_cmp_le0000_cy<1>)
     MUXCY:CI->O           1   0.065   0.000  display/wezkwadrat/Mcompar_pozycjakwadratuY_cmp_le0000_cy<2> (display/wezkwadrat/Mcompar_pozycjakwadratuY_cmp_le0000_cy<2>)
     MUXCY:CI->O           1   0.065   0.000  display/wezkwadrat/Mcompar_pozycjakwadratuY_cmp_le0000_cy<3> (display/wezkwadrat/Mcompar_pozycjakwadratuY_cmp_le0000_cy<3>)
     MUXCY:CI->O           1   0.065   0.000  display/wezkwadrat/Mcompar_pozycjakwadratuY_cmp_le0000_cy<4> (display/wezkwadrat/Mcompar_pozycjakwadratuY_cmp_le0000_cy<4>)
     MUXCY:CI->O           1   0.065   0.000  display/wezkwadrat/Mcompar_pozycjakwadratuY_cmp_le0000_cy<5> (display/wezkwadrat/Mcompar_pozycjakwadratuY_cmp_le0000_cy<5>)
     MUXCY:CI->O           1   0.065   0.000  display/wezkwadrat/Mcompar_pozycjakwadratuY_cmp_le0000_cy<6> (display/wezkwadrat/Mcompar_pozycjakwadratuY_cmp_le0000_cy<6>)
     MUXCY:CI->O           1   0.065   0.000  display/wezkwadrat/Mcompar_pozycjakwadratuY_cmp_le0000_cy<7> (display/wezkwadrat/Mcompar_pozycjakwadratuY_cmp_le0000_cy<7>)
     MUXCY:CI->O           1   0.179   0.380  display/wezkwadrat/Mcompar_pozycjakwadratuY_cmp_le0000_cy<8> (display/wezkwadrat/Mcompar_pozycjakwadratuY_cmp_le0000_cy<8>)
     LUT4_D:I2->O         63   0.561   1.147  display/wezkwadrat/Mcompar_pozycjakwadratuY_cmp_le0000_cy<10>1 (display/wezkwadrat/pozycjakwadratuY_cmp_le0000)
     LUT2:I1->O            1   0.562   0.380  display/wezkwadrat/Mmux_pozycjakwadratuY_mux00042711 (display/wezkwadrat/N3)
     LUT4:I2->O            1   0.561   0.000  display/wezkwadrat/Maddsub_pozycjakwadratuY_share0000_lut<0> (display/wezkwadrat/Maddsub_pozycjakwadratuY_share0000_lut<0>)
     MUXCY:S->O            1   0.523   0.000  display/wezkwadrat/Maddsub_pozycjakwadratuY_share0000_cy<0> (display/wezkwadrat/Maddsub_pozycjakwadratuY_share0000_cy<0>)
     MUXCY:CI->O           1   0.065   0.000  display/wezkwadrat/Maddsub_pozycjakwadratuY_share0000_cy<1> (display/wezkwadrat/Maddsub_pozycjakwadratuY_share0000_cy<1>)
     MUXCY:CI->O           1   0.065   0.000  display/wezkwadrat/Maddsub_pozycjakwadratuY_share0000_cy<2> (display/wezkwadrat/Maddsub_pozycjakwadratuY_share0000_cy<2>)
     MUXCY:CI->O           1   0.065   0.000  display/wezkwadrat/Maddsub_pozycjakwadratuY_share0000_cy<3> (display/wezkwadrat/Maddsub_pozycjakwadratuY_share0000_cy<3>)
     MUXCY:CI->O           1   0.065   0.000  display/wezkwadrat/Maddsub_pozycjakwadratuY_share0000_cy<4> (display/wezkwadrat/Maddsub_pozycjakwadratuY_share0000_cy<4>)
     MUXCY:CI->O           1   0.065   0.000  display/wezkwadrat/Maddsub_pozycjakwadratuY_share0000_cy<5> (display/wezkwadrat/Maddsub_pozycjakwadratuY_share0000_cy<5>)
     MUXCY:CI->O           1   0.065   0.000  display/wezkwadrat/Maddsub_pozycjakwadratuY_share0000_cy<6> (display/wezkwadrat/Maddsub_pozycjakwadratuY_share0000_cy<6>)
     MUXCY:CI->O           1   0.065   0.000  display/wezkwadrat/Maddsub_pozycjakwadratuY_share0000_cy<7> (display/wezkwadrat/Maddsub_pozycjakwadratuY_share0000_cy<7>)
     MUXCY:CI->O           1   0.065   0.000  display/wezkwadrat/Maddsub_pozycjakwadratuY_share0000_cy<8> (display/wezkwadrat/Maddsub_pozycjakwadratuY_share0000_cy<8>)
     MUXCY:CI->O           1   0.065   0.000  display/wezkwadrat/Maddsub_pozycjakwadratuY_share0000_cy<9> (display/wezkwadrat/Maddsub_pozycjakwadratuY_share0000_cy<9>)
     MUXCY:CI->O           1   0.065   0.000  display/wezkwadrat/Maddsub_pozycjakwadratuY_share0000_cy<10> (display/wezkwadrat/Maddsub_pozycjakwadratuY_share0000_cy<10>)
     MUXCY:CI->O           1   0.065   0.000  display/wezkwadrat/Maddsub_pozycjakwadratuY_share0000_cy<11> (display/wezkwadrat/Maddsub_pozycjakwadratuY_share0000_cy<11>)
     MUXCY:CI->O           1   0.065   0.000  display/wezkwadrat/Maddsub_pozycjakwadratuY_share0000_cy<12> (display/wezkwadrat/Maddsub_pozycjakwadratuY_share0000_cy<12>)
     MUXCY:CI->O           1   0.065   0.000  display/wezkwadrat/Maddsub_pozycjakwadratuY_share0000_cy<13> (display/wezkwadrat/Maddsub_pozycjakwadratuY_share0000_cy<13>)
     MUXCY:CI->O           1   0.065   0.000  display/wezkwadrat/Maddsub_pozycjakwadratuY_share0000_cy<14> (display/wezkwadrat/Maddsub_pozycjakwadratuY_share0000_cy<14>)
     MUXCY:CI->O           1   0.065   0.000  display/wezkwadrat/Maddsub_pozycjakwadratuY_share0000_cy<15> (display/wezkwadrat/Maddsub_pozycjakwadratuY_share0000_cy<15>)
     MUXCY:CI->O           1   0.065   0.000  display/wezkwadrat/Maddsub_pozycjakwadratuY_share0000_cy<16> (display/wezkwadrat/Maddsub_pozycjakwadratuY_share0000_cy<16>)
     MUXCY:CI->O           1   0.065   0.000  display/wezkwadrat/Maddsub_pozycjakwadratuY_share0000_cy<17> (display/wezkwadrat/Maddsub_pozycjakwadratuY_share0000_cy<17>)
     MUXCY:CI->O           1   0.065   0.000  display/wezkwadrat/Maddsub_pozycjakwadratuY_share0000_cy<18> (display/wezkwadrat/Maddsub_pozycjakwadratuY_share0000_cy<18>)
     MUXCY:CI->O           1   0.065   0.000  display/wezkwadrat/Maddsub_pozycjakwadratuY_share0000_cy<19> (display/wezkwadrat/Maddsub_pozycjakwadratuY_share0000_cy<19>)
     MUXCY:CI->O           1   0.065   0.000  display/wezkwadrat/Maddsub_pozycjakwadratuY_share0000_cy<20> (display/wezkwadrat/Maddsub_pozycjakwadratuY_share0000_cy<20>)
     MUXCY:CI->O           1   0.065   0.000  display/wezkwadrat/Maddsub_pozycjakwadratuY_share0000_cy<21> (display/wezkwadrat/Maddsub_pozycjakwadratuY_share0000_cy<21>)
     MUXCY:CI->O           1   0.065   0.000  display/wezkwadrat/Maddsub_pozycjakwadratuY_share0000_cy<22> (display/wezkwadrat/Maddsub_pozycjakwadratuY_share0000_cy<22>)
     MUXCY:CI->O           1   0.065   0.000  display/wezkwadrat/Maddsub_pozycjakwadratuY_share0000_cy<23> (display/wezkwadrat/Maddsub_pozycjakwadratuY_share0000_cy<23>)
     MUXCY:CI->O           1   0.065   0.000  display/wezkwadrat/Maddsub_pozycjakwadratuY_share0000_cy<24> (display/wezkwadrat/Maddsub_pozycjakwadratuY_share0000_cy<24>)
     MUXCY:CI->O           1   0.065   0.000  display/wezkwadrat/Maddsub_pozycjakwadratuY_share0000_cy<25> (display/wezkwadrat/Maddsub_pozycjakwadratuY_share0000_cy<25>)
     MUXCY:CI->O           1   0.065   0.000  display/wezkwadrat/Maddsub_pozycjakwadratuY_share0000_cy<26> (display/wezkwadrat/Maddsub_pozycjakwadratuY_share0000_cy<26>)
     MUXCY:CI->O           1   0.065   0.000  display/wezkwadrat/Maddsub_pozycjakwadratuY_share0000_cy<27> (display/wezkwadrat/Maddsub_pozycjakwadratuY_share0000_cy<27>)
     MUXCY:CI->O           1   0.065   0.000  display/wezkwadrat/Maddsub_pozycjakwadratuY_share0000_cy<28> (display/wezkwadrat/Maddsub_pozycjakwadratuY_share0000_cy<28>)
     MUXCY:CI->O           1   0.065   0.000  display/wezkwadrat/Maddsub_pozycjakwadratuY_share0000_cy<29> (display/wezkwadrat/Maddsub_pozycjakwadratuY_share0000_cy<29>)
     MUXCY:CI->O           0   0.065   0.000  display/wezkwadrat/Maddsub_pozycjakwadratuY_share0000_cy<30> (display/wezkwadrat/Maddsub_pozycjakwadratuY_share0000_cy<30>)
     XORCY:CI->O           1   0.654   0.359  display/wezkwadrat/Maddsub_pozycjakwadratuY_share0000_xor<31> (display/wezkwadrat/pozycjakwadratuY_share0000<31>)
     LUT4:I3->O            1   0.561   0.000  display/wezkwadrat/pozycjakwadratuY_mux0002<31>1 (display/wezkwadrat/pozycjakwadratuY_mux0002<31>)
     FDRE:D                    0.197          display/wezkwadrat/pozycjakwadratuY_31
    ----------------------------------------
    Total                     10.660ns (7.717ns logic, 2.943ns route)
                                       (72.4% logic, 27.6% route)

=========================================================================
Timing constraint: Default OFFSET IN BEFORE for Clock 'clk'
  Total number of paths / destination ports: 111168 / 64
-------------------------------------------------------------------------
Offset:              11.621ns (Levels of Logic = 39)
  Source:            ruch<0> (PAD)
  Destination:       display/wezkwadrat/pozycjakwadratuX_31 (FF)
  Destination Clock: clk rising 2.1X

  Data Path: ruch<0> to display/wezkwadrat/pozycjakwadratuX_31
                                Gate     Net
    Cell:in->out      fanout   Delay   Delay  Logical Name (Net Name)
    ----------------------------------------  ------------
     IBUF:I->O            39   0.824   1.183  ruch_0_IBUF (ruch_0_IBUF)
     LUT4:I0->O           56   0.561   1.187  display/wezkwadrat/Mmux_pozycjakwadratuX_mux00031011_SW0 (display/wezkwadrat/pozycjakwadratuX_mux0005)
     LUT2:I0->O            1   0.561   0.000  display/wezkwadrat/Maddsub_pozycjakwadratuX_share0001_lut<0> (display/wezkwadrat/Maddsub_pozycjakwadratuX_share0001_lut<0>)
     MUXCY:S->O            1   0.523   0.000  display/wezkwadrat/Maddsub_pozycjakwadratuX_share0001_cy<0> (display/wezkwadrat/Maddsub_pozycjakwadratuX_share0001_cy<0>)
     MUXCY:CI->O           1   0.065   0.000  display/wezkwadrat/Maddsub_pozycjakwadratuX_share0001_cy<1> (display/wezkwadrat/Maddsub_pozycjakwadratuX_share0001_cy<1>)
     MUXCY:CI->O           1   0.065   0.000  display/wezkwadrat/Maddsub_pozycjakwadratuX_share0001_cy<2> (display/wezkwadrat/Maddsub_pozycjakwadratuX_share0001_cy<2>)
     XORCY:CI->O           2   0.654   0.446  display/wezkwadrat/Maddsub_pozycjakwadratuX_share0001_xor<3> (display/wezkwadrat/pozycjakwadratuX_share0001<3>)
     LUT2:I1->O            1   0.562   0.380  display/wezkwadrat/Mmux_pozycjakwadratuX_mux0003521_SW0 (N10)
     LUT4:I2->O            1   0.561   0.000  display/wezkwadrat/Maddsub_pozycjakwadratuX_share0000_lut<3> (display/wezkwadrat/Maddsub_pozycjakwadratuX_share0000_lut<3>)
     MUXCY:S->O            1   0.523   0.000  display/wezkwadrat/Maddsub_pozycjakwadratuX_share0000_cy<3> (display/wezkwadrat/Maddsub_pozycjakwadratuX_share0000_cy<3>)
     MUXCY:CI->O           1   0.065   0.000  display/wezkwadrat/Maddsub_pozycjakwadratuX_share0000_cy<4> (display/wezkwadrat/Maddsub_pozycjakwadratuX_share0000_cy<4>)
     MUXCY:CI->O           1   0.065   0.000  display/wezkwadrat/Maddsub_pozycjakwadratuX_share0000_cy<5> (display/wezkwadrat/Maddsub_pozycjakwadratuX_share0000_cy<5>)
     MUXCY:CI->O           1   0.065   0.000  display/wezkwadrat/Maddsub_pozycjakwadratuX_share0000_cy<6> (display/wezkwadrat/Maddsub_pozycjakwadratuX_share0000_cy<6>)
     MUXCY:CI->O           1   0.065   0.000  display/wezkwadrat/Maddsub_pozycjakwadratuX_share0000_cy<7> (display/wezkwadrat/Maddsub_pozycjakwadratuX_share0000_cy<7>)
     MUXCY:CI->O           1   0.065   0.000  display/wezkwadrat/Maddsub_pozycjakwadratuX_share0000_cy<8> (display/wezkwadrat/Maddsub_pozycjakwadratuX_share0000_cy<8>)
     MUXCY:CI->O           1   0.065   0.000  display/wezkwadrat/Maddsub_pozycjakwadratuX_share0000_cy<9> (display/wezkwadrat/Maddsub_pozycjakwadratuX_share0000_cy<9>)
     MUXCY:CI->O           1   0.065   0.000  display/wezkwadrat/Maddsub_pozycjakwadratuX_share0000_cy<10> (display/wezkwadrat/Maddsub_pozycjakwadratuX_share0000_cy<10>)
     MUXCY:CI->O           1   0.065   0.000  display/wezkwadrat/Maddsub_pozycjakwadratuX_share0000_cy<11> (display/wezkwadrat/Maddsub_pozycjakwadratuX_share0000_cy<11>)
     MUXCY:CI->O           1   0.065   0.000  display/wezkwadrat/Maddsub_pozycjakwadratuX_share0000_cy<12> (display/wezkwadrat/Maddsub_pozycjakwadratuX_share0000_cy<12>)
     MUXCY:CI->O           1   0.065   0.000  display/wezkwadrat/Maddsub_pozycjakwadratuX_share0000_cy<13> (display/wezkwadrat/Maddsub_pozycjakwadratuX_share0000_cy<13>)
     MUXCY:CI->O           1   0.065   0.000  display/wezkwadrat/Maddsub_pozycjakwadratuX_share0000_cy<14> (display/wezkwadrat/Maddsub_pozycjakwadratuX_share0000_cy<14>)
     MUXCY:CI->O           1   0.065   0.000  display/wezkwadrat/Maddsub_pozycjakwadratuX_share0000_cy<15> (display/wezkwadrat/Maddsub_pozycjakwadratuX_share0000_cy<15>)
     MUXCY:CI->O           1   0.065   0.000  display/wezkwadrat/Maddsub_pozycjakwadratuX_share0000_cy<16> (display/wezkwadrat/Maddsub_pozycjakwadratuX_share0000_cy<16>)
     MUXCY:CI->O           1   0.065   0.000  display/wezkwadrat/Maddsub_pozycjakwadratuX_share0000_cy<17> (display/wezkwadrat/Maddsub_pozycjakwadratuX_share0000_cy<17>)
     MUXCY:CI->O           1   0.065   0.000  display/wezkwadrat/Maddsub_pozycjakwadratuX_share0000_cy<18> (display/wezkwadrat/Maddsub_pozycjakwadratuX_share0000_cy<18>)
     MUXCY:CI->O           1   0.065   0.000  display/wezkwadrat/Maddsub_pozycjakwadratuX_share0000_cy<19> (display/wezkwadrat/Maddsub_pozycjakwadratuX_share0000_cy<19>)
     MUXCY:CI->O           1   0.065   0.000  display/wezkwadrat/Maddsub_pozycjakwadratuX_share0000_cy<20> (display/wezkwadrat/Maddsub_pozycjakwadratuX_share0000_cy<20>)
     MUXCY:CI->O           1   0.065   0.000  display/wezkwadrat/Maddsub_pozycjakwadratuX_share0000_cy<21> (display/wezkwadrat/Maddsub_pozycjakwadratuX_share0000_cy<21>)
     MUXCY:CI->O           1   0.065   0.000  display/wezkwadrat/Maddsub_pozycjakwadratuX_share0000_cy<22> (display/wezkwadrat/Maddsub_pozycjakwadratuX_share0000_cy<22>)
     MUXCY:CI->O           1   0.065   0.000  display/wezkwadrat/Maddsub_pozycjakwadratuX_share0000_cy<23> (display/wezkwadrat/Maddsub_pozycjakwadratuX_share0000_cy<23>)
     MUXCY:CI->O           1   0.065   0.000  display/wezkwadrat/Maddsub_pozycjakwadratuX_share0000_cy<24> (display/wezkwadrat/Maddsub_pozycjakwadratuX_share0000_cy<24>)
     MUXCY:CI->O           1   0.065   0.000  display/wezkwadrat/Maddsub_pozycjakwadratuX_share0000_cy<25> (display/wezkwadrat/Maddsub_pozycjakwadratuX_share0000_cy<25>)
     MUXCY:CI->O           1   0.065   0.000  display/wezkwadrat/Maddsub_pozycjakwadratuX_share0000_cy<26> (display/wezkwadrat/Maddsub_pozycjakwadratuX_share0000_cy<26>)
     MUXCY:CI->O           1   0.065   0.000  display/wezkwadrat/Maddsub_pozycjakwadratuX_share0000_cy<27> (display/wezkwadrat/Maddsub_pozycjakwadratuX_share0000_cy<27>)
     MUXCY:CI->O           1   0.065   0.000  display/wezkwadrat/Maddsub_pozycjakwadratuX_share0000_cy<28> (display/wezkwadrat/Maddsub_pozycjakwadratuX_share0000_cy<28>)
     MUXCY:CI->O           1   0.065   0.000  display/wezkwadrat/Maddsub_pozycjakwadratuX_share0000_cy<29> (display/wezkwadrat/Maddsub_pozycjakwadratuX_share0000_cy<29>)
     MUXCY:CI->O           0   0.065   0.000  display/wezkwadrat/Maddsub_pozycjakwadratuX_share0000_cy<30> (display/wezkwadrat/Maddsub_pozycjakwadratuX_share0000_cy<30>)
     XORCY:CI->O           1   0.654   0.359  display/wezkwadrat/Maddsub_pozycjakwadratuX_share0000_xor<31> (display/wezkwadrat/pozycjakwadratuX_share0000<31>)
     LUT4:I3->O            1   0.561   0.000  display/wezkwadrat/pozycjakwadratuX_mux0002<31>1 (display/wezkwadrat/pozycjakwadratuX_mux0002<31>)
     FDRE:D                    0.197          display/wezkwadrat/pozycjakwadratuX_31
    ----------------------------------------
    Total                     11.621ns (8.066ns logic, 3.555ns route)
                                       (69.4% logic, 30.6% route)

=========================================================================
Timing constraint: Default OFFSET OUT AFTER for Clock 'clk'
  Total number of paths / destination ports: 38 / 17
-------------------------------------------------------------------------
Offset:              6.710ns (Levels of Logic = 2)
  Source:            display/wezkwadrat/punkty_0 (FF)
  Destination:       segment<4> (PAD)
  Source Clock:      clk rising 2.1X

  Data Path: display/wezkwadrat/punkty_0 to segment<4>
                                Gate     Net
    Cell:in->out      fanout   Delay   Delay  Logical Name (Net Name)
    ----------------------------------------  ------------
     FDE:C->Q             11   0.495   0.901  display/wezkwadrat/punkty_0 (display/wezkwadrat/punkty_0)
     LUT4:I0->O            1   0.561   0.357  display/wezkwadrat/display/Mrom_segment41 (segment_4_OBUF)
     OBUF:I->O                 4.396          segment_4_OBUF (segment<4>)
    ----------------------------------------
    Total                      6.710ns (5.452ns logic, 1.258ns route)
                                       (81.3% logic, 18.7% route)

=========================================================================


Total REAL time to Xst completion: 11.00 secs
Total CPU time to Xst completion: 10.58 secs
 
--> 

Total memory usage is 4554860 kilobytes

Number of errors   :    0 (   0 filtered)
Number of warnings :   10 (   0 filtered)
Number of infos    :    3 (   0 filtered)

