--------------------------------------------------------------------------------
Release 14.7 Trace  (nt64)
Copyright (c) 1995-2013 Xilinx, Inc.  All rights reserved.

D:\14.7\ISE_DS\ISE\bin\nt64\unwrapped\trce.exe -intstyle ise -v 3 -s 5 -n 3
-fastpaths -xml gra.twx gra.ncd -o gra.twr gra.pcf

Design file:              gra.ncd
Physical constraint file: gra.pcf
Device,package,speed:     xc3s50a,tq144,-5 (PRODUCTION 1.42 2013-10-13)
Report level:             verbose report

Environment Variable      Effect 
--------------------      ------ 
NONE                      No environment variables were set
--------------------------------------------------------------------------------

INFO:Timing:3412 - To improve timing, see the Timing Closure User Guide (UG612).
INFO:Timing:2752 - To get complete path coverage, use the unconstrained paths 
   option. All paths that are not constrained will be reported in the 
   unconstrained paths section(s) of the report.
INFO:Timing:3339 - The clock-to-out numbers in this timing report are based on 
   a 50 Ohm transmission line loading model.  For the details of this model, 
   and for more information on accounting for different loading conditions, 
   please see the device datasheet.
INFO:Timing:3390 - This architecture does not support a default System Jitter 
   value, please add SYSTEM_JITTER constraint to the UCF to modify the Clock 
   Uncertainty calculation.
INFO:Timing:3389 - This architecture does not support 'Discrete Jitter' and 
   'Phase Error' calculations, these terms will be zero in the Clock 
   Uncertainty calculation.  Please make appropriate modification to 
   SYSTEM_JITTER to account for the unsupported Discrete Jitter and Phase 
   Error.

================================================================================
Timing constraint: NET "pixel_clock/CLKIN_IBUFG" PERIOD = 83.3333333 ns HIGH 
50%;
For more information, see Period Analysis in the Timing Closure User Guide (UG612).

 0 paths analyzed, 0 endpoints analyzed, 0 failing endpoints
 0 timing errors detected. (0 component switching limit errors)
 Minimum period is  20.000ns.
--------------------------------------------------------------------------------

Component Switching Limit Checks: NET "pixel_clock/CLKIN_IBUFG" PERIOD = 83.3333333 ns HIGH 50%;
--------------------------------------------------------------------------------
Slack: 63.333ns (period - (min low pulse limit / (low pulse / period)))
  Period: 83.333ns
  Low pulse: 41.666ns
  Low pulse limit: 10.000ns (Tdcmpw_CLKIN_10_25)
  Physical resource: pixel_clock/DCM_SP_INST/CLKIN
  Logical resource: pixel_clock/DCM_SP_INST/CLKIN
  Location pin: DCM_X0Y0.CLKIN
  Clock network: pixel_clock/CLKIN_IBUFG
--------------------------------------------------------------------------------
Slack: 63.333ns (period - (min high pulse limit / (high pulse / period)))
  Period: 83.333ns
  High pulse: 41.666ns
  High pulse limit: 10.000ns (Tdcmpw_CLKIN_10_25)
  Physical resource: pixel_clock/DCM_SP_INST/CLKIN
  Logical resource: pixel_clock/DCM_SP_INST/CLKIN
  Location pin: DCM_X0Y0.CLKIN
  Clock network: pixel_clock/CLKIN_IBUFG
--------------------------------------------------------------------------------
Slack: 79.763ns (period - min period limit)
  Period: 83.333ns
  Min period limit: 3.570ns (280.112MHz) (Tdcmpc)
  Physical resource: pixel_clock/DCM_SP_INST/CLKIN
  Logical resource: pixel_clock/DCM_SP_INST/CLKIN
  Location pin: DCM_X0Y0.CLKIN
  Clock network: pixel_clock/CLKIN_IBUFG
--------------------------------------------------------------------------------

================================================================================
Timing constraint: PERIOD analysis for net "pixel_clock/CLKFX_BUF" derived from 
 NET "pixel_clock/CLKIN_IBUFG" PERIOD = 83.3333333 ns HIGH 50%;  divided by 
2.08 to 40.000 nS and duty cycle corrected to HIGH 19.999 nS  
For more information, see Period Analysis in the Timing Closure User Guide (UG612).

 930328 paths analyzed, 1080 endpoints analyzed, 0 failing endpoints
 0 timing errors detected. (0 setup errors, 0 hold errors, 0 component switching limit errors)
 Minimum period is  12.366ns.
--------------------------------------------------------------------------------

Paths for end point display/wezkwadrat/bokA_16 (SLICE_X15Y8.CE), 6340 paths
--------------------------------------------------------------------------------
Slack (setup path):     27.634ns (requirement - (data path - clock path skew + uncertainty))
  Source:               display/wezkwadrat/pozycjajedzeniaX_3 (FF)
  Destination:          display/wezkwadrat/bokA_16 (FF)
  Requirement:          40.000ns
  Data Path Delay:      12.373ns (Levels of Logic = 16)
  Clock Path Skew:      0.007ns (0.254 - 0.247)
  Source Clock:         clk25mhz rising at 0.000ns
  Destination Clock:    clk25mhz rising at 40.000ns
  Clock Uncertainty:    0.000ns

  Maximum Data Path: display/wezkwadrat/pozycjajedzeniaX_3 to display/wezkwadrat/bokA_16
    Location             Delay type         Delay(ns)  Physical Resource
                                                       Logical Resource(s)
    -------------------------------------------------  -------------------
    SLICE_X10Y17.XQ      Tcko                  0.521   display/wezkwadrat/pozycjajedzeniaX<3>
                                                       display/wezkwadrat/pozycjajedzeniaX_3
    SLICE_X17Y17.F1      net (fanout=3)        1.586   display/wezkwadrat/pozycjajedzeniaX<3>
    SLICE_X17Y17.Y       Topy                  1.560   display/wezkwadrat/przyspieszenie_add0000<3>
                                                       display/wezkwadrat/Madd_przyspieszenie_add0000_lut<3>_INV_0
                                                       display/wezkwadrat/Madd_przyspieszenie_add0000_cy<3>
                                                       display/wezkwadrat/Madd_przyspieszenie_add0000_xor<4>
    SLICE_X18Y17.F4      net (fanout=2)        0.413   display/wezkwadrat/przyspieszenie_add0000<4>
    SLICE_X18Y17.COUT    Topcyf                1.133   display/wezkwadrat/Mcompar_przyspieszenie_cmp_lt0000_cy<5>
                                                       display/wezkwadrat/Mcompar_przyspieszenie_cmp_lt0000_lut<4>
                                                       display/wezkwadrat/Mcompar_przyspieszenie_cmp_lt0000_cy<4>
                                                       display/wezkwadrat/Mcompar_przyspieszenie_cmp_lt0000_cy<5>
    SLICE_X18Y18.CIN     net (fanout=1)        0.000   display/wezkwadrat/Mcompar_przyspieszenie_cmp_lt0000_cy<5>
    SLICE_X18Y18.COUT    Tbyp                  0.156   display/wezkwadrat/Mcompar_przyspieszenie_cmp_lt0000_cy<7>
                                                       display/wezkwadrat/Mcompar_przyspieszenie_cmp_lt0000_cy<6>
                                                       display/wezkwadrat/Mcompar_przyspieszenie_cmp_lt0000_cy<7>
    SLICE_X18Y19.CIN     net (fanout=1)        0.000   display/wezkwadrat/Mcompar_przyspieszenie_cmp_lt0000_cy<7>
    SLICE_X18Y19.COUT    Tbyp                  0.156   display/wezkwadrat/Mcompar_przyspieszenie_cmp_lt0000_cy<9>
                                                       display/wezkwadrat/Mcompar_przyspieszenie_cmp_lt0000_cy<8>
                                                       display/wezkwadrat/Mcompar_przyspieszenie_cmp_lt0000_cy<9>
    SLICE_X18Y20.CIN     net (fanout=1)        0.000   display/wezkwadrat/Mcompar_przyspieszenie_cmp_lt0000_cy<9>
    SLICE_X18Y20.COUT    Tbyp                  0.156   display/wezkwadrat/Mcompar_przyspieszenie_cmp_lt0000_cy<11>
                                                       display/wezkwadrat/Mcompar_przyspieszenie_cmp_lt0000_cy<10>
                                                       display/wezkwadrat/Mcompar_przyspieszenie_cmp_lt0000_cy<11>
    SLICE_X18Y21.CIN     net (fanout=1)        0.000   display/wezkwadrat/Mcompar_przyspieszenie_cmp_lt0000_cy<11>
    SLICE_X18Y21.COUT    Tbyp                  0.156   display/wezkwadrat/Mcompar_przyspieszenie_cmp_lt0000_cy<13>
                                                       display/wezkwadrat/Mcompar_przyspieszenie_cmp_lt0000_cy<12>
                                                       display/wezkwadrat/Mcompar_przyspieszenie_cmp_lt0000_cy<13>
    SLICE_X18Y22.CIN     net (fanout=1)        0.000   display/wezkwadrat/Mcompar_przyspieszenie_cmp_lt0000_cy<13>
    SLICE_X18Y22.COUT    Tbyp                  0.156   display/wezkwadrat/Mcompar_przyspieszenie_cmp_lt0000_cy<15>
                                                       display/wezkwadrat/Mcompar_przyspieszenie_cmp_lt0000_cy<14>
                                                       display/wezkwadrat/Mcompar_przyspieszenie_cmp_lt0000_cy<15>
    SLICE_X18Y23.CIN     net (fanout=1)        0.000   display/wezkwadrat/Mcompar_przyspieszenie_cmp_lt0000_cy<15>
    SLICE_X18Y23.COUT    Tbyp                  0.156   display/wezkwadrat/Mcompar_przyspieszenie_cmp_lt0000_cy<17>
                                                       display/wezkwadrat/Mcompar_przyspieszenie_cmp_lt0000_cy<16>
                                                       display/wezkwadrat/Mcompar_przyspieszenie_cmp_lt0000_cy<17>
    SLICE_X18Y24.CIN     net (fanout=1)        0.000   display/wezkwadrat/Mcompar_przyspieszenie_cmp_lt0000_cy<17>
    SLICE_X18Y24.COUT    Tbyp                  0.156   display/wezkwadrat/Mcompar_przyspieszenie_cmp_lt0000_cy<19>
                                                       display/wezkwadrat/Mcompar_przyspieszenie_cmp_lt0000_cy<18>
                                                       display/wezkwadrat/Mcompar_przyspieszenie_cmp_lt0000_cy<19>
    SLICE_X18Y25.CIN     net (fanout=1)        0.000   display/wezkwadrat/Mcompar_przyspieszenie_cmp_lt0000_cy<19>
    SLICE_X18Y25.COUT    Tbyp                  0.156   display/wezkwadrat/Mcompar_przyspieszenie_cmp_lt0000_cy<21>
                                                       display/wezkwadrat/Mcompar_przyspieszenie_cmp_lt0000_cy<20>
                                                       display/wezkwadrat/Mcompar_przyspieszenie_cmp_lt0000_cy<21>
    SLICE_X18Y26.CIN     net (fanout=1)        0.000   display/wezkwadrat/Mcompar_przyspieszenie_cmp_lt0000_cy<21>
    SLICE_X18Y26.COUT    Tbyp                  0.156   display/wezkwadrat/Mcompar_przyspieszenie_cmp_lt0000_cy<23>
                                                       display/wezkwadrat/Mcompar_przyspieszenie_cmp_lt0000_cy<22>
                                                       display/wezkwadrat/Mcompar_przyspieszenie_cmp_lt0000_cy<23>
    SLICE_X18Y27.CIN     net (fanout=1)        0.000   display/wezkwadrat/Mcompar_przyspieszenie_cmp_lt0000_cy<23>
    SLICE_X18Y27.COUT    Tbyp                  0.156   display/wezkwadrat/Mcompar_przyspieszenie_cmp_lt0000_cy<25>
                                                       display/wezkwadrat/Mcompar_przyspieszenie_cmp_lt0000_cy<24>
                                                       display/wezkwadrat/Mcompar_przyspieszenie_cmp_lt0000_cy<25>
    SLICE_X18Y28.CIN     net (fanout=1)        0.000   display/wezkwadrat/Mcompar_przyspieszenie_cmp_lt0000_cy<25>
    SLICE_X18Y28.COUT    Tbyp                  0.156   display/wezkwadrat/Mcompar_przyspieszenie_cmp_lt0000_cy<27>
                                                       display/wezkwadrat/Mcompar_przyspieszenie_cmp_lt0000_cy<26>
                                                       display/wezkwadrat/Mcompar_przyspieszenie_cmp_lt0000_cy<27>
    SLICE_X18Y29.CIN     net (fanout=1)        0.000   display/wezkwadrat/Mcompar_przyspieszenie_cmp_lt0000_cy<27>
    SLICE_X18Y29.COUT    Tbyp                  0.156   display/wezkwadrat/Mcompar_przyspieszenie_cmp_lt0000_cy<29>
                                                       display/wezkwadrat/Mcompar_przyspieszenie_cmp_lt0000_cy<28>
                                                       display/wezkwadrat/Mcompar_przyspieszenie_cmp_lt0000_cy<29>
    SLICE_X18Y30.CIN     net (fanout=1)        0.000   display/wezkwadrat/Mcompar_przyspieszenie_cmp_lt0000_cy<29>
    SLICE_X18Y30.COUT    Tbyp                  0.156   display/wezkwadrat/Mcompar_przyspieszenie_cmp_lt0000_cy<31>
                                                       display/wezkwadrat/Mcompar_przyspieszenie_cmp_lt0000_cy<30>
                                                       display/wezkwadrat/Mcompar_przyspieszenie_cmp_lt0000_cy<31>
    SLICE_X10Y23.G1      net (fanout=5)        2.185   display/wezkwadrat/Mcompar_przyspieszenie_cmp_lt0000_cy<31>
    SLICE_X10Y23.X       Tif5x                 0.853   display/wezkwadrat/bokA_not0001
                                                       display/wezkwadrat/bokA_not000111
                                                       display/wezkwadrat/bokA_not00011_f5
    SLICE_X15Y8.CE       net (fanout=16)       1.939   display/wezkwadrat/bokA_not0001
    SLICE_X15Y8.CLK      Tceck                 0.155   display/wezkwadrat/bokA<16>
                                                       display/wezkwadrat/bokA_16
    -------------------------------------------------  ---------------------------
    Total                                     12.373ns (6.250ns logic, 6.123ns route)
                                                       (50.5% logic, 49.5% route)

--------------------------------------------------------------------------------
Slack (setup path):     27.766ns (requirement - (data path - clock path skew + uncertainty))
  Source:               display/wezkwadrat/pozycjajedzeniaX_3 (FF)
  Destination:          display/wezkwadrat/bokA_16 (FF)
  Requirement:          40.000ns
  Data Path Delay:      12.241ns (Levels of Logic = 16)
  Clock Path Skew:      0.007ns (0.254 - 0.247)
  Source Clock:         clk25mhz rising at 0.000ns
  Destination Clock:    clk25mhz rising at 40.000ns
  Clock Uncertainty:    0.000ns

  Maximum Data Path: display/wezkwadrat/pozycjajedzeniaX_3 to display/wezkwadrat/bokA_16
    Location             Delay type         Delay(ns)  Physical Resource
                                                       Logical Resource(s)
    -------------------------------------------------  -------------------
    SLICE_X10Y17.XQ      Tcko                  0.521   display/wezkwadrat/pozycjajedzeniaX<3>
                                                       display/wezkwadrat/pozycjajedzeniaX_3
    SLICE_X17Y17.F1      net (fanout=3)        1.586   display/wezkwadrat/pozycjajedzeniaX<3>
    SLICE_X17Y17.COUT    Topcyf                1.026   display/wezkwadrat/przyspieszenie_add0000<3>
                                                       display/wezkwadrat/Madd_przyspieszenie_add0000_lut<3>_INV_0
                                                       display/wezkwadrat/Madd_przyspieszenie_add0000_cy<3>
                                                       display/wezkwadrat/Madd_przyspieszenie_add0000_cy<4>
    SLICE_X17Y18.CIN     net (fanout=1)        0.000   display/wezkwadrat/Madd_przyspieszenie_add0000_cy<4>
    SLICE_X17Y18.COUT    Tbyp                  0.130   display/wezkwadrat/przyspieszenie_add0000<5>
                                                       display/wezkwadrat/Madd_przyspieszenie_add0000_cy<5>
                                                       display/wezkwadrat/Madd_przyspieszenie_add0000_cy<6>
    SLICE_X17Y19.CIN     net (fanout=1)        0.000   display/wezkwadrat/Madd_przyspieszenie_add0000_cy<6>
    SLICE_X17Y19.Y       Tciny                 0.664   display/wezkwadrat/przyspieszenie_add0000<7>
                                                       display/wezkwadrat/Madd_przyspieszenie_add0000_cy<7>
                                                       display/wezkwadrat/Madd_przyspieszenie_add0000_xor<8>
    SLICE_X18Y19.F2      net (fanout=2)        0.333   display/wezkwadrat/przyspieszenie_add0000<8>
    SLICE_X18Y19.COUT    Topcyf                1.133   display/wezkwadrat/Mcompar_przyspieszenie_cmp_lt0000_cy<9>
                                                       display/wezkwadrat/Mcompar_przyspieszenie_cmp_lt0000_lut<8>
                                                       display/wezkwadrat/Mcompar_przyspieszenie_cmp_lt0000_cy<8>
                                                       display/wezkwadrat/Mcompar_przyspieszenie_cmp_lt0000_cy<9>
    SLICE_X18Y20.CIN     net (fanout=1)        0.000   display/wezkwadrat/Mcompar_przyspieszenie_cmp_lt0000_cy<9>
    SLICE_X18Y20.COUT    Tbyp                  0.156   display/wezkwadrat/Mcompar_przyspieszenie_cmp_lt0000_cy<11>
                                                       display/wezkwadrat/Mcompar_przyspieszenie_cmp_lt0000_cy<10>
                                                       display/wezkwadrat/Mcompar_przyspieszenie_cmp_lt0000_cy<11>
    SLICE_X18Y21.CIN     net (fanout=1)        0.000   display/wezkwadrat/Mcompar_przyspieszenie_cmp_lt0000_cy<11>
    SLICE_X18Y21.COUT    Tbyp                  0.156   display/wezkwadrat/Mcompar_przyspieszenie_cmp_lt0000_cy<13>
                                                       display/wezkwadrat/Mcompar_przyspieszenie_cmp_lt0000_cy<12>
                                                       display/wezkwadrat/Mcompar_przyspieszenie_cmp_lt0000_cy<13>
    SLICE_X18Y22.CIN     net (fanout=1)        0.000   display/wezkwadrat/Mcompar_przyspieszenie_cmp_lt0000_cy<13>
    SLICE_X18Y22.COUT    Tbyp                  0.156   display/wezkwadrat/Mcompar_przyspieszenie_cmp_lt0000_cy<15>
                                                       display/wezkwadrat/Mcompar_przyspieszenie_cmp_lt0000_cy<14>
                                                       display/wezkwadrat/Mcompar_przyspieszenie_cmp_lt0000_cy<15>
    SLICE_X18Y23.CIN     net (fanout=1)        0.000   display/wezkwadrat/Mcompar_przyspieszenie_cmp_lt0000_cy<15>
    SLICE_X18Y23.COUT    Tbyp                  0.156   display/wezkwadrat/Mcompar_przyspieszenie_cmp_lt0000_cy<17>
                                                       display/wezkwadrat/Mcompar_przyspieszenie_cmp_lt0000_cy<16>
                                                       display/wezkwadrat/Mcompar_przyspieszenie_cmp_lt0000_cy<17>
    SLICE_X18Y24.CIN     net (fanout=1)        0.000   display/wezkwadrat/Mcompar_przyspieszenie_cmp_lt0000_cy<17>
    SLICE_X18Y24.COUT    Tbyp                  0.156   display/wezkwadrat/Mcompar_przyspieszenie_cmp_lt0000_cy<19>
                                                       display/wezkwadrat/Mcompar_przyspieszenie_cmp_lt0000_cy<18>
                                                       display/wezkwadrat/Mcompar_przyspieszenie_cmp_lt0000_cy<19>
    SLICE_X18Y25.CIN     net (fanout=1)        0.000   display/wezkwadrat/Mcompar_przyspieszenie_cmp_lt0000_cy<19>
    SLICE_X18Y25.COUT    Tbyp                  0.156   display/wezkwadrat/Mcompar_przyspieszenie_cmp_lt0000_cy<21>
                                                       display/wezkwadrat/Mcompar_przyspieszenie_cmp_lt0000_cy<20>
                                                       display/wezkwadrat/Mcompar_przyspieszenie_cmp_lt0000_cy<21>
    SLICE_X18Y26.CIN     net (fanout=1)        0.000   display/wezkwadrat/Mcompar_przyspieszenie_cmp_lt0000_cy<21>
    SLICE_X18Y26.COUT    Tbyp                  0.156   display/wezkwadrat/Mcompar_przyspieszenie_cmp_lt0000_cy<23>
                                                       display/wezkwadrat/Mcompar_przyspieszenie_cmp_lt0000_cy<22>
                                                       display/wezkwadrat/Mcompar_przyspieszenie_cmp_lt0000_cy<23>
    SLICE_X18Y27.CIN     net (fanout=1)        0.000   display/wezkwadrat/Mcompar_przyspieszenie_cmp_lt0000_cy<23>
    SLICE_X18Y27.COUT    Tbyp                  0.156   display/wezkwadrat/Mcompar_przyspieszenie_cmp_lt0000_cy<25>
                                                       display/wezkwadrat/Mcompar_przyspieszenie_cmp_lt0000_cy<24>
                                                       display/wezkwadrat/Mcompar_przyspieszenie_cmp_lt0000_cy<25>
    SLICE_X18Y28.CIN     net (fanout=1)        0.000   display/wezkwadrat/Mcompar_przyspieszenie_cmp_lt0000_cy<25>
    SLICE_X18Y28.COUT    Tbyp                  0.156   display/wezkwadrat/Mcompar_przyspieszenie_cmp_lt0000_cy<27>
                                                       display/wezkwadrat/Mcompar_przyspieszenie_cmp_lt0000_cy<26>
                                                       display/wezkwadrat/Mcompar_przyspieszenie_cmp_lt0000_cy<27>
    SLICE_X18Y29.CIN     net (fanout=1)        0.000   display/wezkwadrat/Mcompar_przyspieszenie_cmp_lt0000_cy<27>
    SLICE_X18Y29.COUT    Tbyp                  0.156   display/wezkwadrat/Mcompar_przyspieszenie_cmp_lt0000_cy<29>
                                                       display/wezkwadrat/Mcompar_przyspieszenie_cmp_lt0000_cy<28>
                                                       display/wezkwadrat/Mcompar_przyspieszenie_cmp_lt0000_cy<29>
    SLICE_X18Y30.CIN     net (fanout=1)        0.000   display/wezkwadrat/Mcompar_przyspieszenie_cmp_lt0000_cy<29>
    SLICE_X18Y30.COUT    Tbyp                  0.156   display/wezkwadrat/Mcompar_przyspieszenie_cmp_lt0000_cy<31>
                                                       display/wezkwadrat/Mcompar_przyspieszenie_cmp_lt0000_cy<30>
                                                       display/wezkwadrat/Mcompar_przyspieszenie_cmp_lt0000_cy<31>
    SLICE_X10Y23.G1      net (fanout=5)        2.185   display/wezkwadrat/Mcompar_przyspieszenie_cmp_lt0000_cy<31>
    SLICE_X10Y23.X       Tif5x                 0.853   display/wezkwadrat/bokA_not0001
                                                       display/wezkwadrat/bokA_not000111
                                                       display/wezkwadrat/bokA_not00011_f5
    SLICE_X15Y8.CE       net (fanout=16)       1.939   display/wezkwadrat/bokA_not0001
    SLICE_X15Y8.CLK      Tceck                 0.155   display/wezkwadrat/bokA<16>
                                                       display/wezkwadrat/bokA_16
    -------------------------------------------------  ---------------------------
    Total                                     12.241ns (6.198ns logic, 6.043ns route)
                                                       (50.6% logic, 49.4% route)

--------------------------------------------------------------------------------
Slack (setup path):     27.793ns (requirement - (data path - clock path skew + uncertainty))
  Source:               display/wezkwadrat/pozycjajedzeniaX_3 (FF)
  Destination:          display/wezkwadrat/bokA_16 (FF)
  Requirement:          40.000ns
  Data Path Delay:      12.214ns (Levels of Logic = 17)
  Clock Path Skew:      0.007ns (0.254 - 0.247)
  Source Clock:         clk25mhz rising at 0.000ns
  Destination Clock:    clk25mhz rising at 40.000ns
  Clock Uncertainty:    0.000ns

  Maximum Data Path: display/wezkwadrat/pozycjajedzeniaX_3 to display/wezkwadrat/bokA_16
    Location             Delay type         Delay(ns)  Physical Resource
                                                       Logical Resource(s)
    -------------------------------------------------  -------------------
    SLICE_X10Y17.XQ      Tcko                  0.521   display/wezkwadrat/pozycjajedzeniaX<3>
                                                       display/wezkwadrat/pozycjajedzeniaX_3
    SLICE_X17Y17.F1      net (fanout=3)        1.586   display/wezkwadrat/pozycjajedzeniaX<3>
    SLICE_X17Y17.COUT    Topcyf                1.026   display/wezkwadrat/przyspieszenie_add0000<3>
                                                       display/wezkwadrat/Madd_przyspieszenie_add0000_lut<3>_INV_0
                                                       display/wezkwadrat/Madd_przyspieszenie_add0000_cy<3>
                                                       display/wezkwadrat/Madd_przyspieszenie_add0000_cy<4>
    SLICE_X17Y18.CIN     net (fanout=1)        0.000   display/wezkwadrat/Madd_przyspieszenie_add0000_cy<4>
    SLICE_X17Y18.X       Tcinx                 0.489   display/wezkwadrat/przyspieszenie_add0000<5>
                                                       display/wezkwadrat/Madd_przyspieszenie_add0000_xor<5>
    SLICE_X18Y17.G3      net (fanout=2)        0.305   display/wezkwadrat/przyspieszenie_add0000<5>
    SLICE_X18Y17.COUT    Topcyg                1.127   display/wezkwadrat/Mcompar_przyspieszenie_cmp_lt0000_cy<5>
                                                       display/wezkwadrat/Mcompar_przyspieszenie_cmp_lt0000_lut<5>
                                                       display/wezkwadrat/Mcompar_przyspieszenie_cmp_lt0000_cy<5>
    SLICE_X18Y18.CIN     net (fanout=1)        0.000   display/wezkwadrat/Mcompar_przyspieszenie_cmp_lt0000_cy<5>
    SLICE_X18Y18.COUT    Tbyp                  0.156   display/wezkwadrat/Mcompar_przyspieszenie_cmp_lt0000_cy<7>
                                                       display/wezkwadrat/Mcompar_przyspieszenie_cmp_lt0000_cy<6>
                                                       display/wezkwadrat/Mcompar_przyspieszenie_cmp_lt0000_cy<7>
    SLICE_X18Y19.CIN     net (fanout=1)        0.000   display/wezkwadrat/Mcompar_przyspieszenie_cmp_lt0000_cy<7>
    SLICE_X18Y19.COUT    Tbyp                  0.156   display/wezkwadrat/Mcompar_przyspieszenie_cmp_lt0000_cy<9>
                                                       display/wezkwadrat/Mcompar_przyspieszenie_cmp_lt0000_cy<8>
                                                       display/wezkwadrat/Mcompar_przyspieszenie_cmp_lt0000_cy<9>
    SLICE_X18Y20.CIN     net (fanout=1)        0.000   display/wezkwadrat/Mcompar_przyspieszenie_cmp_lt0000_cy<9>
    SLICE_X18Y20.COUT    Tbyp                  0.156   display/wezkwadrat/Mcompar_przyspieszenie_cmp_lt0000_cy<11>
                                                       display/wezkwadrat/Mcompar_przyspieszenie_cmp_lt0000_cy<10>
                                                       display/wezkwadrat/Mcompar_przyspieszenie_cmp_lt0000_cy<11>
    SLICE_X18Y21.CIN     net (fanout=1)        0.000   display/wezkwadrat/Mcompar_przyspieszenie_cmp_lt0000_cy<11>
    SLICE_X18Y21.COUT    Tbyp                  0.156   display/wezkwadrat/Mcompar_przyspieszenie_cmp_lt0000_cy<13>
                                                       display/wezkwadrat/Mcompar_przyspieszenie_cmp_lt0000_cy<12>
                                                       display/wezkwadrat/Mcompar_przyspieszenie_cmp_lt0000_cy<13>
    SLICE_X18Y22.CIN     net (fanout=1)        0.000   display/wezkwadrat/Mcompar_przyspieszenie_cmp_lt0000_cy<13>
    SLICE_X18Y22.COUT    Tbyp                  0.156   display/wezkwadrat/Mcompar_przyspieszenie_cmp_lt0000_cy<15>
                                                       display/wezkwadrat/Mcompar_przyspieszenie_cmp_lt0000_cy<14>
                                                       display/wezkwadrat/Mcompar_przyspieszenie_cmp_lt0000_cy<15>
    SLICE_X18Y23.CIN     net (fanout=1)        0.000   display/wezkwadrat/Mcompar_przyspieszenie_cmp_lt0000_cy<15>
    SLICE_X18Y23.COUT    Tbyp                  0.156   display/wezkwadrat/Mcompar_przyspieszenie_cmp_lt0000_cy<17>
                                                       display/wezkwadrat/Mcompar_przyspieszenie_cmp_lt0000_cy<16>
                                                       display/wezkwadrat/Mcompar_przyspieszenie_cmp_lt0000_cy<17>
    SLICE_X18Y24.CIN     net (fanout=1)        0.000   display/wezkwadrat/Mcompar_przyspieszenie_cmp_lt0000_cy<17>
    SLICE_X18Y24.COUT    Tbyp                  0.156   display/wezkwadrat/Mcompar_przyspieszenie_cmp_lt0000_cy<19>
                                                       display/wezkwadrat/Mcompar_przyspieszenie_cmp_lt0000_cy<18>
                                                       display/wezkwadrat/Mcompar_przyspieszenie_cmp_lt0000_cy<19>
    SLICE_X18Y25.CIN     net (fanout=1)        0.000   display/wezkwadrat/Mcompar_przyspieszenie_cmp_lt0000_cy<19>
    SLICE_X18Y25.COUT    Tbyp                  0.156   display/wezkwadrat/Mcompar_przyspieszenie_cmp_lt0000_cy<21>
                                                       display/wezkwadrat/Mcompar_przyspieszenie_cmp_lt0000_cy<20>
                                                       display/wezkwadrat/Mcompar_przyspieszenie_cmp_lt0000_cy<21>
    SLICE_X18Y26.CIN     net (fanout=1)        0.000   display/wezkwadrat/Mcompar_przyspieszenie_cmp_lt0000_cy<21>
    SLICE_X18Y26.COUT    Tbyp                  0.156   display/wezkwadrat/Mcompar_przyspieszenie_cmp_lt0000_cy<23>
                                                       display/wezkwadrat/Mcompar_przyspieszenie_cmp_lt0000_cy<22>
                                                       display/wezkwadrat/Mcompar_przyspieszenie_cmp_lt0000_cy<23>
    SLICE_X18Y27.CIN     net (fanout=1)        0.000   display/wezkwadrat/Mcompar_przyspieszenie_cmp_lt0000_cy<23>
    SLICE_X18Y27.COUT    Tbyp                  0.156   display/wezkwadrat/Mcompar_przyspieszenie_cmp_lt0000_cy<25>
                                                       display/wezkwadrat/Mcompar_przyspieszenie_cmp_lt0000_cy<24>
                                                       display/wezkwadrat/Mcompar_przyspieszenie_cmp_lt0000_cy<25>
    SLICE_X18Y28.CIN     net (fanout=1)        0.000   display/wezkwadrat/Mcompar_przyspieszenie_cmp_lt0000_cy<25>
    SLICE_X18Y28.COUT    Tbyp                  0.156   display/wezkwadrat/Mcompar_przyspieszenie_cmp_lt0000_cy<27>
                                                       display/wezkwadrat/Mcompar_przyspieszenie_cmp_lt0000_cy<26>
                                                       display/wezkwadrat/Mcompar_przyspieszenie_cmp_lt0000_cy<27>
    SLICE_X18Y29.CIN     net (fanout=1)        0.000   display/wezkwadrat/Mcompar_przyspieszenie_cmp_lt0000_cy<27>
    SLICE_X18Y29.COUT    Tbyp                  0.156   display/wezkwadrat/Mcompar_przyspieszenie_cmp_lt0000_cy<29>
                                                       display/wezkwadrat/Mcompar_przyspieszenie_cmp_lt0000_cy<28>
                                                       display/wezkwadrat/Mcompar_przyspieszenie_cmp_lt0000_cy<29>
    SLICE_X18Y30.CIN     net (fanout=1)        0.000   display/wezkwadrat/Mcompar_przyspieszenie_cmp_lt0000_cy<29>
    SLICE_X18Y30.COUT    Tbyp                  0.156   display/wezkwadrat/Mcompar_przyspieszenie_cmp_lt0000_cy<31>
                                                       display/wezkwadrat/Mcompar_przyspieszenie_cmp_lt0000_cy<30>
                                                       display/wezkwadrat/Mcompar_przyspieszenie_cmp_lt0000_cy<31>
    SLICE_X10Y23.G1      net (fanout=5)        2.185   display/wezkwadrat/Mcompar_przyspieszenie_cmp_lt0000_cy<31>
    SLICE_X10Y23.X       Tif5x                 0.853   display/wezkwadrat/bokA_not0001
                                                       display/wezkwadrat/bokA_not000111
                                                       display/wezkwadrat/bokA_not00011_f5
    SLICE_X15Y8.CE       net (fanout=16)       1.939   display/wezkwadrat/bokA_not0001
    SLICE_X15Y8.CLK      Tceck                 0.155   display/wezkwadrat/bokA<16>
                                                       display/wezkwadrat/bokA_16
    -------------------------------------------------  ---------------------------
    Total                                     12.214ns (6.199ns logic, 6.015ns route)
                                                       (50.8% logic, 49.2% route)

--------------------------------------------------------------------------------

Paths for end point display/wezkwadrat/bokA_17 (SLICE_X15Y8.CE), 6340 paths
--------------------------------------------------------------------------------
Slack (setup path):     27.634ns (requirement - (data path - clock path skew + uncertainty))
  Source:               display/wezkwadrat/pozycjajedzeniaX_3 (FF)
  Destination:          display/wezkwadrat/bokA_17 (FF)
  Requirement:          40.000ns
  Data Path Delay:      12.373ns (Levels of Logic = 16)
  Clock Path Skew:      0.007ns (0.254 - 0.247)
  Source Clock:         clk25mhz rising at 0.000ns
  Destination Clock:    clk25mhz rising at 40.000ns
  Clock Uncertainty:    0.000ns

  Maximum Data Path: display/wezkwadrat/pozycjajedzeniaX_3 to display/wezkwadrat/bokA_17
    Location             Delay type         Delay(ns)  Physical Resource
                                                       Logical Resource(s)
    -------------------------------------------------  -------------------
    SLICE_X10Y17.XQ      Tcko                  0.521   display/wezkwadrat/pozycjajedzeniaX<3>
                                                       display/wezkwadrat/pozycjajedzeniaX_3
    SLICE_X17Y17.F1      net (fanout=3)        1.586   display/wezkwadrat/pozycjajedzeniaX<3>
    SLICE_X17Y17.Y       Topy                  1.560   display/wezkwadrat/przyspieszenie_add0000<3>
                                                       display/wezkwadrat/Madd_przyspieszenie_add0000_lut<3>_INV_0
                                                       display/wezkwadrat/Madd_przyspieszenie_add0000_cy<3>
                                                       display/wezkwadrat/Madd_przyspieszenie_add0000_xor<4>
    SLICE_X18Y17.F4      net (fanout=2)        0.413   display/wezkwadrat/przyspieszenie_add0000<4>
    SLICE_X18Y17.COUT    Topcyf                1.133   display/wezkwadrat/Mcompar_przyspieszenie_cmp_lt0000_cy<5>
                                                       display/wezkwadrat/Mcompar_przyspieszenie_cmp_lt0000_lut<4>
                                                       display/wezkwadrat/Mcompar_przyspieszenie_cmp_lt0000_cy<4>
                                                       display/wezkwadrat/Mcompar_przyspieszenie_cmp_lt0000_cy<5>
    SLICE_X18Y18.CIN     net (fanout=1)        0.000   display/wezkwadrat/Mcompar_przyspieszenie_cmp_lt0000_cy<5>
    SLICE_X18Y18.COUT    Tbyp                  0.156   display/wezkwadrat/Mcompar_przyspieszenie_cmp_lt0000_cy<7>
                                                       display/wezkwadrat/Mcompar_przyspieszenie_cmp_lt0000_cy<6>
                                                       display/wezkwadrat/Mcompar_przyspieszenie_cmp_lt0000_cy<7>
    SLICE_X18Y19.CIN     net (fanout=1)        0.000   display/wezkwadrat/Mcompar_przyspieszenie_cmp_lt0000_cy<7>
    SLICE_X18Y19.COUT    Tbyp                  0.156   display/wezkwadrat/Mcompar_przyspieszenie_cmp_lt0000_cy<9>
                                                       display/wezkwadrat/Mcompar_przyspieszenie_cmp_lt0000_cy<8>
                                                       display/wezkwadrat/Mcompar_przyspieszenie_cmp_lt0000_cy<9>
    SLICE_X18Y20.CIN     net (fanout=1)        0.000   display/wezkwadrat/Mcompar_przyspieszenie_cmp_lt0000_cy<9>
    SLICE_X18Y20.COUT    Tbyp                  0.156   display/wezkwadrat/Mcompar_przyspieszenie_cmp_lt0000_cy<11>
                                                       display/wezkwadrat/Mcompar_przyspieszenie_cmp_lt0000_cy<10>
                                                       display/wezkwadrat/Mcompar_przyspieszenie_cmp_lt0000_cy<11>
    SLICE_X18Y21.CIN     net (fanout=1)        0.000   display/wezkwadrat/Mcompar_przyspieszenie_cmp_lt0000_cy<11>
    SLICE_X18Y21.COUT    Tbyp                  0.156   display/wezkwadrat/Mcompar_przyspieszenie_cmp_lt0000_cy<13>
                                                       display/wezkwadrat/Mcompar_przyspieszenie_cmp_lt0000_cy<12>
                                                       display/wezkwadrat/Mcompar_przyspieszenie_cmp_lt0000_cy<13>
    SLICE_X18Y22.CIN     net (fanout=1)        0.000   display/wezkwadrat/Mcompar_przyspieszenie_cmp_lt0000_cy<13>
    SLICE_X18Y22.COUT    Tbyp                  0.156   display/wezkwadrat/Mcompar_przyspieszenie_cmp_lt0000_cy<15>
                                                       display/wezkwadrat/Mcompar_przyspieszenie_cmp_lt0000_cy<14>
                                                       display/wezkwadrat/Mcompar_przyspieszenie_cmp_lt0000_cy<15>
    SLICE_X18Y23.CIN     net (fanout=1)        0.000   display/wezkwadrat/Mcompar_przyspieszenie_cmp_lt0000_cy<15>
    SLICE_X18Y23.COUT    Tbyp                  0.156   display/wezkwadrat/Mcompar_przyspieszenie_cmp_lt0000_cy<17>
                                                       display/wezkwadrat/Mcompar_przyspieszenie_cmp_lt0000_cy<16>
                                                       display/wezkwadrat/Mcompar_przyspieszenie_cmp_lt0000_cy<17>
    SLICE_X18Y24.CIN     net (fanout=1)        0.000   display/wezkwadrat/Mcompar_przyspieszenie_cmp_lt0000_cy<17>
    SLICE_X18Y24.COUT    Tbyp                  0.156   display/wezkwadrat/Mcompar_przyspieszenie_cmp_lt0000_cy<19>
                                                       display/wezkwadrat/Mcompar_przyspieszenie_cmp_lt0000_cy<18>
                                                       display/wezkwadrat/Mcompar_przyspieszenie_cmp_lt0000_cy<19>
    SLICE_X18Y25.CIN     net (fanout=1)        0.000   display/wezkwadrat/Mcompar_przyspieszenie_cmp_lt0000_cy<19>
    SLICE_X18Y25.COUT    Tbyp                  0.156   display/wezkwadrat/Mcompar_przyspieszenie_cmp_lt0000_cy<21>
                                                       display/wezkwadrat/Mcompar_przyspieszenie_cmp_lt0000_cy<20>
                                                       display/wezkwadrat/Mcompar_przyspieszenie_cmp_lt0000_cy<21>
    SLICE_X18Y26.CIN     net (fanout=1)        0.000   display/wezkwadrat/Mcompar_przyspieszenie_cmp_lt0000_cy<21>
    SLICE_X18Y26.COUT    Tbyp                  0.156   display/wezkwadrat/Mcompar_przyspieszenie_cmp_lt0000_cy<23>
                                                       display/wezkwadrat/Mcompar_przyspieszenie_cmp_lt0000_cy<22>
                                                       display/wezkwadrat/Mcompar_przyspieszenie_cmp_lt0000_cy<23>
    SLICE_X18Y27.CIN     net (fanout=1)        0.000   display/wezkwadrat/Mcompar_przyspieszenie_cmp_lt0000_cy<23>
    SLICE_X18Y27.COUT    Tbyp                  0.156   display/wezkwadrat/Mcompar_przyspieszenie_cmp_lt0000_cy<25>
                                                       display/wezkwadrat/Mcompar_przyspieszenie_cmp_lt0000_cy<24>
                                                       display/wezkwadrat/Mcompar_przyspieszenie_cmp_lt0000_cy<25>
    SLICE_X18Y28.CIN     net (fanout=1)        0.000   display/wezkwadrat/Mcompar_przyspieszenie_cmp_lt0000_cy<25>
    SLICE_X18Y28.COUT    Tbyp                  0.156   display/wezkwadrat/Mcompar_przyspieszenie_cmp_lt0000_cy<27>
                                                       display/wezkwadrat/Mcompar_przyspieszenie_cmp_lt0000_cy<26>
                                                       display/wezkwadrat/Mcompar_przyspieszenie_cmp_lt0000_cy<27>
    SLICE_X18Y29.CIN     net (fanout=1)        0.000   display/wezkwadrat/Mcompar_przyspieszenie_cmp_lt0000_cy<27>
    SLICE_X18Y29.COUT    Tbyp                  0.156   display/wezkwadrat/Mcompar_przyspieszenie_cmp_lt0000_cy<29>
                                                       display/wezkwadrat/Mcompar_przyspieszenie_cmp_lt0000_cy<28>
                                                       display/wezkwadrat/Mcompar_przyspieszenie_cmp_lt0000_cy<29>
    SLICE_X18Y30.CIN     net (fanout=1)        0.000   display/wezkwadrat/Mcompar_przyspieszenie_cmp_lt0000_cy<29>
    SLICE_X18Y30.COUT    Tbyp                  0.156   display/wezkwadrat/Mcompar_przyspieszenie_cmp_lt0000_cy<31>
                                                       display/wezkwadrat/Mcompar_przyspieszenie_cmp_lt0000_cy<30>
                                                       display/wezkwadrat/Mcompar_przyspieszenie_cmp_lt0000_cy<31>
    SLICE_X10Y23.G1      net (fanout=5)        2.185   display/wezkwadrat/Mcompar_przyspieszenie_cmp_lt0000_cy<31>
    SLICE_X10Y23.X       Tif5x                 0.853   display/wezkwadrat/bokA_not0001
                                                       display/wezkwadrat/bokA_not000111
                                                       display/wezkwadrat/bokA_not00011_f5
    SLICE_X15Y8.CE       net (fanout=16)       1.939   display/wezkwadrat/bokA_not0001
    SLICE_X15Y8.CLK      Tceck                 0.155   display/wezkwadrat/bokA<16>
                                                       display/wezkwadrat/bokA_17
    -------------------------------------------------  ---------------------------
    Total                                     12.373ns (6.250ns logic, 6.123ns route)
                                                       (50.5% logic, 49.5% route)

--------------------------------------------------------------------------------
Slack (setup path):     27.766ns (requirement - (data path - clock path skew + uncertainty))
  Source:               display/wezkwadrat/pozycjajedzeniaX_3 (FF)
  Destination:          display/wezkwadrat/bokA_17 (FF)
  Requirement:          40.000ns
  Data Path Delay:      12.241ns (Levels of Logic = 16)
  Clock Path Skew:      0.007ns (0.254 - 0.247)
  Source Clock:         clk25mhz rising at 0.000ns
  Destination Clock:    clk25mhz rising at 40.000ns
  Clock Uncertainty:    0.000ns

  Maximum Data Path: display/wezkwadrat/pozycjajedzeniaX_3 to display/wezkwadrat/bokA_17
    Location             Delay type         Delay(ns)  Physical Resource
                                                       Logical Resource(s)
    -------------------------------------------------  -------------------
    SLICE_X10Y17.XQ      Tcko                  0.521   display/wezkwadrat/pozycjajedzeniaX<3>
                                                       display/wezkwadrat/pozycjajedzeniaX_3
    SLICE_X17Y17.F1      net (fanout=3)        1.586   display/wezkwadrat/pozycjajedzeniaX<3>
    SLICE_X17Y17.COUT    Topcyf                1.026   display/wezkwadrat/przyspieszenie_add0000<3>
                                                       display/wezkwadrat/Madd_przyspieszenie_add0000_lut<3>_INV_0
                                                       display/wezkwadrat/Madd_przyspieszenie_add0000_cy<3>
                                                       display/wezkwadrat/Madd_przyspieszenie_add0000_cy<4>
    SLICE_X17Y18.CIN     net (fanout=1)        0.000   display/wezkwadrat/Madd_przyspieszenie_add0000_cy<4>
    SLICE_X17Y18.COUT    Tbyp                  0.130   display/wezkwadrat/przyspieszenie_add0000<5>
                                                       display/wezkwadrat/Madd_przyspieszenie_add0000_cy<5>
                                                       display/wezkwadrat/Madd_przyspieszenie_add0000_cy<6>
    SLICE_X17Y19.CIN     net (fanout=1)        0.000   display/wezkwadrat/Madd_przyspieszenie_add0000_cy<6>
    SLICE_X17Y19.Y       Tciny                 0.664   display/wezkwadrat/przyspieszenie_add0000<7>
                                                       display/wezkwadrat/Madd_przyspieszenie_add0000_cy<7>
                                                       display/wezkwadrat/Madd_przyspieszenie_add0000_xor<8>
    SLICE_X18Y19.F2      net (fanout=2)        0.333   display/wezkwadrat/przyspieszenie_add0000<8>
    SLICE_X18Y19.COUT    Topcyf                1.133   display/wezkwadrat/Mcompar_przyspieszenie_cmp_lt0000_cy<9>
                                                       display/wezkwadrat/Mcompar_przyspieszenie_cmp_lt0000_lut<8>
                                                       display/wezkwadrat/Mcompar_przyspieszenie_cmp_lt0000_cy<8>
                                                       display/wezkwadrat/Mcompar_przyspieszenie_cmp_lt0000_cy<9>
    SLICE_X18Y20.CIN     net (fanout=1)        0.000   display/wezkwadrat/Mcompar_przyspieszenie_cmp_lt0000_cy<9>
    SLICE_X18Y20.COUT    Tbyp                  0.156   display/wezkwadrat/Mcompar_przyspieszenie_cmp_lt0000_cy<11>
                                                       display/wezkwadrat/Mcompar_przyspieszenie_cmp_lt0000_cy<10>
                                                       display/wezkwadrat/Mcompar_przyspieszenie_cmp_lt0000_cy<11>
    SLICE_X18Y21.CIN     net (fanout=1)        0.000   display/wezkwadrat/Mcompar_przyspieszenie_cmp_lt0000_cy<11>
    SLICE_X18Y21.COUT    Tbyp                  0.156   display/wezkwadrat/Mcompar_przyspieszenie_cmp_lt0000_cy<13>
                                                       display/wezkwadrat/Mcompar_przyspieszenie_cmp_lt0000_cy<12>
                                                       display/wezkwadrat/Mcompar_przyspieszenie_cmp_lt0000_cy<13>
    SLICE_X18Y22.CIN     net (fanout=1)        0.000   display/wezkwadrat/Mcompar_przyspieszenie_cmp_lt0000_cy<13>
    SLICE_X18Y22.COUT    Tbyp                  0.156   display/wezkwadrat/Mcompar_przyspieszenie_cmp_lt0000_cy<15>
                                                       display/wezkwadrat/Mcompar_przyspieszenie_cmp_lt0000_cy<14>
                                                       display/wezkwadrat/Mcompar_przyspieszenie_cmp_lt0000_cy<15>
    SLICE_X18Y23.CIN     net (fanout=1)        0.000   display/wezkwadrat/Mcompar_przyspieszenie_cmp_lt0000_cy<15>
    SLICE_X18Y23.COUT    Tbyp                  0.156   display/wezkwadrat/Mcompar_przyspieszenie_cmp_lt0000_cy<17>
                                                       display/wezkwadrat/Mcompar_przyspieszenie_cmp_lt0000_cy<16>
                                                       display/wezkwadrat/Mcompar_przyspieszenie_cmp_lt0000_cy<17>
    SLICE_X18Y24.CIN     net (fanout=1)        0.000   display/wezkwadrat/Mcompar_przyspieszenie_cmp_lt0000_cy<17>
    SLICE_X18Y24.COUT    Tbyp                  0.156   display/wezkwadrat/Mcompar_przyspieszenie_cmp_lt0000_cy<19>
                                                       display/wezkwadrat/Mcompar_przyspieszenie_cmp_lt0000_cy<18>
                                                       display/wezkwadrat/Mcompar_przyspieszenie_cmp_lt0000_cy<19>
    SLICE_X18Y25.CIN     net (fanout=1)        0.000   display/wezkwadrat/Mcompar_przyspieszenie_cmp_lt0000_cy<19>
    SLICE_X18Y25.COUT    Tbyp                  0.156   display/wezkwadrat/Mcompar_przyspieszenie_cmp_lt0000_cy<21>
                                                       display/wezkwadrat/Mcompar_przyspieszenie_cmp_lt0000_cy<20>
                                                       display/wezkwadrat/Mcompar_przyspieszenie_cmp_lt0000_cy<21>
    SLICE_X18Y26.CIN     net (fanout=1)        0.000   display/wezkwadrat/Mcompar_przyspieszenie_cmp_lt0000_cy<21>
    SLICE_X18Y26.COUT    Tbyp                  0.156   display/wezkwadrat/Mcompar_przyspieszenie_cmp_lt0000_cy<23>
                                                       display/wezkwadrat/Mcompar_przyspieszenie_cmp_lt0000_cy<22>
                                                       display/wezkwadrat/Mcompar_przyspieszenie_cmp_lt0000_cy<23>
    SLICE_X18Y27.CIN     net (fanout=1)        0.000   display/wezkwadrat/Mcompar_przyspieszenie_cmp_lt0000_cy<23>
    SLICE_X18Y27.COUT    Tbyp                  0.156   display/wezkwadrat/Mcompar_przyspieszenie_cmp_lt0000_cy<25>
                                                       display/wezkwadrat/Mcompar_przyspieszenie_cmp_lt0000_cy<24>
                                                       display/wezkwadrat/Mcompar_przyspieszenie_cmp_lt0000_cy<25>
    SLICE_X18Y28.CIN     net (fanout=1)        0.000   display/wezkwadrat/Mcompar_przyspieszenie_cmp_lt0000_cy<25>
    SLICE_X18Y28.COUT    Tbyp                  0.156   display/wezkwadrat/Mcompar_przyspieszenie_cmp_lt0000_cy<27>
                                                       display/wezkwadrat/Mcompar_przyspieszenie_cmp_lt0000_cy<26>
                                                       display/wezkwadrat/Mcompar_przyspieszenie_cmp_lt0000_cy<27>
    SLICE_X18Y29.CIN     net (fanout=1)        0.000   display/wezkwadrat/Mcompar_przyspieszenie_cmp_lt0000_cy<27>
    SLICE_X18Y29.COUT    Tbyp                  0.156   display/wezkwadrat/Mcompar_przyspieszenie_cmp_lt0000_cy<29>
                                                       display/wezkwadrat/Mcompar_przyspieszenie_cmp_lt0000_cy<28>
                                                       display/wezkwadrat/Mcompar_przyspieszenie_cmp_lt0000_cy<29>
    SLICE_X18Y30.CIN     net (fanout=1)        0.000   display/wezkwadrat/Mcompar_przyspieszenie_cmp_lt0000_cy<29>
    SLICE_X18Y30.COUT    Tbyp                  0.156   display/wezkwadrat/Mcompar_przyspieszenie_cmp_lt0000_cy<31>
                                                       display/wezkwadrat/Mcompar_przyspieszenie_cmp_lt0000_cy<30>
                                                       display/wezkwadrat/Mcompar_przyspieszenie_cmp_lt0000_cy<31>
    SLICE_X10Y23.G1      net (fanout=5)        2.185   display/wezkwadrat/Mcompar_przyspieszenie_cmp_lt0000_cy<31>
    SLICE_X10Y23.X       Tif5x                 0.853   display/wezkwadrat/bokA_not0001
                                                       display/wezkwadrat/bokA_not000111
                                                       display/wezkwadrat/bokA_not00011_f5
    SLICE_X15Y8.CE       net (fanout=16)       1.939   display/wezkwadrat/bokA_not0001
    SLICE_X15Y8.CLK      Tceck                 0.155   display/wezkwadrat/bokA<16>
                                                       display/wezkwadrat/bokA_17
    -------------------------------------------------  ---------------------------
    Total                                     12.241ns (6.198ns logic, 6.043ns route)
                                                       (50.6% logic, 49.4% route)

--------------------------------------------------------------------------------
Slack (setup path):     27.793ns (requirement - (data path - clock path skew + uncertainty))
  Source:               display/wezkwadrat/pozycjajedzeniaX_3 (FF)
  Destination:          display/wezkwadrat/bokA_17 (FF)
  Requirement:          40.000ns
  Data Path Delay:      12.214ns (Levels of Logic = 17)
  Clock Path Skew:      0.007ns (0.254 - 0.247)
  Source Clock:         clk25mhz rising at 0.000ns
  Destination Clock:    clk25mhz rising at 40.000ns
  Clock Uncertainty:    0.000ns

  Maximum Data Path: display/wezkwadrat/pozycjajedzeniaX_3 to display/wezkwadrat/bokA_17
    Location             Delay type         Delay(ns)  Physical Resource
                                                       Logical Resource(s)
    -------------------------------------------------  -------------------
    SLICE_X10Y17.XQ      Tcko                  0.521   display/wezkwadrat/pozycjajedzeniaX<3>
                                                       display/wezkwadrat/pozycjajedzeniaX_3
    SLICE_X17Y17.F1      net (fanout=3)        1.586   display/wezkwadrat/pozycjajedzeniaX<3>
    SLICE_X17Y17.COUT    Topcyf                1.026   display/wezkwadrat/przyspieszenie_add0000<3>
                                                       display/wezkwadrat/Madd_przyspieszenie_add0000_lut<3>_INV_0
                                                       display/wezkwadrat/Madd_przyspieszenie_add0000_cy<3>
                                                       display/wezkwadrat/Madd_przyspieszenie_add0000_cy<4>
    SLICE_X17Y18.CIN     net (fanout=1)        0.000   display/wezkwadrat/Madd_przyspieszenie_add0000_cy<4>
    SLICE_X17Y18.X       Tcinx                 0.489   display/wezkwadrat/przyspieszenie_add0000<5>
                                                       display/wezkwadrat/Madd_przyspieszenie_add0000_xor<5>
    SLICE_X18Y17.G3      net (fanout=2)        0.305   display/wezkwadrat/przyspieszenie_add0000<5>
    SLICE_X18Y17.COUT    Topcyg                1.127   display/wezkwadrat/Mcompar_przyspieszenie_cmp_lt0000_cy<5>
                                                       display/wezkwadrat/Mcompar_przyspieszenie_cmp_lt0000_lut<5>
                                                       display/wezkwadrat/Mcompar_przyspieszenie_cmp_lt0000_cy<5>
    SLICE_X18Y18.CIN     net (fanout=1)        0.000   display/wezkwadrat/Mcompar_przyspieszenie_cmp_lt0000_cy<5>
    SLICE_X18Y18.COUT    Tbyp                  0.156   display/wezkwadrat/Mcompar_przyspieszenie_cmp_lt0000_cy<7>
                                                       display/wezkwadrat/Mcompar_przyspieszenie_cmp_lt0000_cy<6>
                                                       display/wezkwadrat/Mcompar_przyspieszenie_cmp_lt0000_cy<7>
    SLICE_X18Y19.CIN     net (fanout=1)        0.000   display/wezkwadrat/Mcompar_przyspieszenie_cmp_lt0000_cy<7>
    SLICE_X18Y19.COUT    Tbyp                  0.156   display/wezkwadrat/Mcompar_przyspieszenie_cmp_lt0000_cy<9>
                                                       display/wezkwadrat/Mcompar_przyspieszenie_cmp_lt0000_cy<8>
                                                       display/wezkwadrat/Mcompar_przyspieszenie_cmp_lt0000_cy<9>
    SLICE_X18Y20.CIN     net (fanout=1)        0.000   display/wezkwadrat/Mcompar_przyspieszenie_cmp_lt0000_cy<9>
    SLICE_X18Y20.COUT    Tbyp                  0.156   display/wezkwadrat/Mcompar_przyspieszenie_cmp_lt0000_cy<11>
                                                       display/wezkwadrat/Mcompar_przyspieszenie_cmp_lt0000_cy<10>
                                                       display/wezkwadrat/Mcompar_przyspieszenie_cmp_lt0000_cy<11>
    SLICE_X18Y21.CIN     net (fanout=1)        0.000   display/wezkwadrat/Mcompar_przyspieszenie_cmp_lt0000_cy<11>
    SLICE_X18Y21.COUT    Tbyp                  0.156   display/wezkwadrat/Mcompar_przyspieszenie_cmp_lt0000_cy<13>
                                                       display/wezkwadrat/Mcompar_przyspieszenie_cmp_lt0000_cy<12>
                                                       display/wezkwadrat/Mcompar_przyspieszenie_cmp_lt0000_cy<13>
    SLICE_X18Y22.CIN     net (fanout=1)        0.000   display/wezkwadrat/Mcompar_przyspieszenie_cmp_lt0000_cy<13>
    SLICE_X18Y22.COUT    Tbyp                  0.156   display/wezkwadrat/Mcompar_przyspieszenie_cmp_lt0000_cy<15>
                                                       display/wezkwadrat/Mcompar_przyspieszenie_cmp_lt0000_cy<14>
                                                       display/wezkwadrat/Mcompar_przyspieszenie_cmp_lt0000_cy<15>
    SLICE_X18Y23.CIN     net (fanout=1)        0.000   display/wezkwadrat/Mcompar_przyspieszenie_cmp_lt0000_cy<15>
    SLICE_X18Y23.COUT    Tbyp                  0.156   display/wezkwadrat/Mcompar_przyspieszenie_cmp_lt0000_cy<17>
                                                       display/wezkwadrat/Mcompar_przyspieszenie_cmp_lt0000_cy<16>
                                                       display/wezkwadrat/Mcompar_przyspieszenie_cmp_lt0000_cy<17>
    SLICE_X18Y24.CIN     net (fanout=1)        0.000   display/wezkwadrat/Mcompar_przyspieszenie_cmp_lt0000_cy<17>
    SLICE_X18Y24.COUT    Tbyp                  0.156   display/wezkwadrat/Mcompar_przyspieszenie_cmp_lt0000_cy<19>
                                                       display/wezkwadrat/Mcompar_przyspieszenie_cmp_lt0000_cy<18>
                                                       display/wezkwadrat/Mcompar_przyspieszenie_cmp_lt0000_cy<19>
    SLICE_X18Y25.CIN     net (fanout=1)        0.000   display/wezkwadrat/Mcompar_przyspieszenie_cmp_lt0000_cy<19>
    SLICE_X18Y25.COUT    Tbyp                  0.156   display/wezkwadrat/Mcompar_przyspieszenie_cmp_lt0000_cy<21>
                                                       display/wezkwadrat/Mcompar_przyspieszenie_cmp_lt0000_cy<20>
                                                       display/wezkwadrat/Mcompar_przyspieszenie_cmp_lt0000_cy<21>
    SLICE_X18Y26.CIN     net (fanout=1)        0.000   display/wezkwadrat/Mcompar_przyspieszenie_cmp_lt0000_cy<21>
    SLICE_X18Y26.COUT    Tbyp                  0.156   display/wezkwadrat/Mcompar_przyspieszenie_cmp_lt0000_cy<23>
                                                       display/wezkwadrat/Mcompar_przyspieszenie_cmp_lt0000_cy<22>
                                                       display/wezkwadrat/Mcompar_przyspieszenie_cmp_lt0000_cy<23>
    SLICE_X18Y27.CIN     net (fanout=1)        0.000   display/wezkwadrat/Mcompar_przyspieszenie_cmp_lt0000_cy<23>
    SLICE_X18Y27.COUT    Tbyp                  0.156   display/wezkwadrat/Mcompar_przyspieszenie_cmp_lt0000_cy<25>
                                                       display/wezkwadrat/Mcompar_przyspieszenie_cmp_lt0000_cy<24>
                                                       display/wezkwadrat/Mcompar_przyspieszenie_cmp_lt0000_cy<25>
    SLICE_X18Y28.CIN     net (fanout=1)        0.000   display/wezkwadrat/Mcompar_przyspieszenie_cmp_lt0000_cy<25>
    SLICE_X18Y28.COUT    Tbyp                  0.156   display/wezkwadrat/Mcompar_przyspieszenie_cmp_lt0000_cy<27>
                                                       display/wezkwadrat/Mcompar_przyspieszenie_cmp_lt0000_cy<26>
                                                       display/wezkwadrat/Mcompar_przyspieszenie_cmp_lt0000_cy<27>
    SLICE_X18Y29.CIN     net (fanout=1)        0.000   display/wezkwadrat/Mcompar_przyspieszenie_cmp_lt0000_cy<27>
    SLICE_X18Y29.COUT    Tbyp                  0.156   display/wezkwadrat/Mcompar_przyspieszenie_cmp_lt0000_cy<29>
                                                       display/wezkwadrat/Mcompar_przyspieszenie_cmp_lt0000_cy<28>
                                                       display/wezkwadrat/Mcompar_przyspieszenie_cmp_lt0000_cy<29>
    SLICE_X18Y30.CIN     net (fanout=1)        0.000   display/wezkwadrat/Mcompar_przyspieszenie_cmp_lt0000_cy<29>
    SLICE_X18Y30.COUT    Tbyp                  0.156   display/wezkwadrat/Mcompar_przyspieszenie_cmp_lt0000_cy<31>
                                                       display/wezkwadrat/Mcompar_przyspieszenie_cmp_lt0000_cy<30>
                                                       display/wezkwadrat/Mcompar_przyspieszenie_cmp_lt0000_cy<31>
    SLICE_X10Y23.G1      net (fanout=5)        2.185   display/wezkwadrat/Mcompar_przyspieszenie_cmp_lt0000_cy<31>
    SLICE_X10Y23.X       Tif5x                 0.853   display/wezkwadrat/bokA_not0001
                                                       display/wezkwadrat/bokA_not000111
                                                       display/wezkwadrat/bokA_not00011_f5
    SLICE_X15Y8.CE       net (fanout=16)       1.939   display/wezkwadrat/bokA_not0001
    SLICE_X15Y8.CLK      Tceck                 0.155   display/wezkwadrat/bokA<16>
                                                       display/wezkwadrat/bokA_17
    -------------------------------------------------  ---------------------------
    Total                                     12.214ns (6.199ns logic, 6.015ns route)
                                                       (50.8% logic, 49.2% route)

--------------------------------------------------------------------------------

Paths for end point display/wezkwadrat/bokA_18 (SLICE_X15Y9.CE), 6340 paths
--------------------------------------------------------------------------------
Slack (setup path):     27.634ns (requirement - (data path - clock path skew + uncertainty))
  Source:               display/wezkwadrat/pozycjajedzeniaX_3 (FF)
  Destination:          display/wezkwadrat/bokA_18 (FF)
  Requirement:          40.000ns
  Data Path Delay:      12.373ns (Levels of Logic = 16)
  Clock Path Skew:      0.007ns (0.254 - 0.247)
  Source Clock:         clk25mhz rising at 0.000ns
  Destination Clock:    clk25mhz rising at 40.000ns
  Clock Uncertainty:    0.000ns

  Maximum Data Path: display/wezkwadrat/pozycjajedzeniaX_3 to display/wezkwadrat/bokA_18
    Location             Delay type         Delay(ns)  Physical Resource
                                                       Logical Resource(s)
    -------------------------------------------------  -------------------
    SLICE_X10Y17.XQ      Tcko                  0.521   display/wezkwadrat/pozycjajedzeniaX<3>
                                                       display/wezkwadrat/pozycjajedzeniaX_3
    SLICE_X17Y17.F1      net (fanout=3)        1.586   display/wezkwadrat/pozycjajedzeniaX<3>
    SLICE_X17Y17.Y       Topy                  1.560   display/wezkwadrat/przyspieszenie_add0000<3>
                                                       display/wezkwadrat/Madd_przyspieszenie_add0000_lut<3>_INV_0
                                                       display/wezkwadrat/Madd_przyspieszenie_add0000_cy<3>
                                                       display/wezkwadrat/Madd_przyspieszenie_add0000_xor<4>
    SLICE_X18Y17.F4      net (fanout=2)        0.413   display/wezkwadrat/przyspieszenie_add0000<4>
    SLICE_X18Y17.COUT    Topcyf                1.133   display/wezkwadrat/Mcompar_przyspieszenie_cmp_lt0000_cy<5>
                                                       display/wezkwadrat/Mcompar_przyspieszenie_cmp_lt0000_lut<4>
                                                       display/wezkwadrat/Mcompar_przyspieszenie_cmp_lt0000_cy<4>
                                                       display/wezkwadrat/Mcompar_przyspieszenie_cmp_lt0000_cy<5>
    SLICE_X18Y18.CIN     net (fanout=1)        0.000   display/wezkwadrat/Mcompar_przyspieszenie_cmp_lt0000_cy<5>
    SLICE_X18Y18.COUT    Tbyp                  0.156   display/wezkwadrat/Mcompar_przyspieszenie_cmp_lt0000_cy<7>
                                                       display/wezkwadrat/Mcompar_przyspieszenie_cmp_lt0000_cy<6>
                                                       display/wezkwadrat/Mcompar_przyspieszenie_cmp_lt0000_cy<7>
    SLICE_X18Y19.CIN     net (fanout=1)        0.000   display/wezkwadrat/Mcompar_przyspieszenie_cmp_lt0000_cy<7>
    SLICE_X18Y19.COUT    Tbyp                  0.156   display/wezkwadrat/Mcompar_przyspieszenie_cmp_lt0000_cy<9>
                                                       display/wezkwadrat/Mcompar_przyspieszenie_cmp_lt0000_cy<8>
                                                       display/wezkwadrat/Mcompar_przyspieszenie_cmp_lt0000_cy<9>
    SLICE_X18Y20.CIN     net (fanout=1)        0.000   display/wezkwadrat/Mcompar_przyspieszenie_cmp_lt0000_cy<9>
    SLICE_X18Y20.COUT    Tbyp                  0.156   display/wezkwadrat/Mcompar_przyspieszenie_cmp_lt0000_cy<11>
                                                       display/wezkwadrat/Mcompar_przyspieszenie_cmp_lt0000_cy<10>
                                                       display/wezkwadrat/Mcompar_przyspieszenie_cmp_lt0000_cy<11>
    SLICE_X18Y21.CIN     net (fanout=1)        0.000   display/wezkwadrat/Mcompar_przyspieszenie_cmp_lt0000_cy<11>
    SLICE_X18Y21.COUT    Tbyp                  0.156   display/wezkwadrat/Mcompar_przyspieszenie_cmp_lt0000_cy<13>
                                                       display/wezkwadrat/Mcompar_przyspieszenie_cmp_lt0000_cy<12>
                                                       display/wezkwadrat/Mcompar_przyspieszenie_cmp_lt0000_cy<13>
    SLICE_X18Y22.CIN     net (fanout=1)        0.000   display/wezkwadrat/Mcompar_przyspieszenie_cmp_lt0000_cy<13>
    SLICE_X18Y22.COUT    Tbyp                  0.156   display/wezkwadrat/Mcompar_przyspieszenie_cmp_lt0000_cy<15>
                                                       display/wezkwadrat/Mcompar_przyspieszenie_cmp_lt0000_cy<14>
                                                       display/wezkwadrat/Mcompar_przyspieszenie_cmp_lt0000_cy<15>
    SLICE_X18Y23.CIN     net (fanout=1)        0.000   display/wezkwadrat/Mcompar_przyspieszenie_cmp_lt0000_cy<15>
    SLICE_X18Y23.COUT    Tbyp                  0.156   display/wezkwadrat/Mcompar_przyspieszenie_cmp_lt0000_cy<17>
                                                       display/wezkwadrat/Mcompar_przyspieszenie_cmp_lt0000_cy<16>
                                                       display/wezkwadrat/Mcompar_przyspieszenie_cmp_lt0000_cy<17>
    SLICE_X18Y24.CIN     net (fanout=1)        0.000   display/wezkwadrat/Mcompar_przyspieszenie_cmp_lt0000_cy<17>
    SLICE_X18Y24.COUT    Tbyp                  0.156   display/wezkwadrat/Mcompar_przyspieszenie_cmp_lt0000_cy<19>
                                                       display/wezkwadrat/Mcompar_przyspieszenie_cmp_lt0000_cy<18>
                                                       display/wezkwadrat/Mcompar_przyspieszenie_cmp_lt0000_cy<19>
    SLICE_X18Y25.CIN     net (fanout=1)        0.000   display/wezkwadrat/Mcompar_przyspieszenie_cmp_lt0000_cy<19>
    SLICE_X18Y25.COUT    Tbyp                  0.156   display/wezkwadrat/Mcompar_przyspieszenie_cmp_lt0000_cy<21>
                                                       display/wezkwadrat/Mcompar_przyspieszenie_cmp_lt0000_cy<20>
                                                       display/wezkwadrat/Mcompar_przyspieszenie_cmp_lt0000_cy<21>
    SLICE_X18Y26.CIN     net (fanout=1)        0.000   display/wezkwadrat/Mcompar_przyspieszenie_cmp_lt0000_cy<21>
    SLICE_X18Y26.COUT    Tbyp                  0.156   display/wezkwadrat/Mcompar_przyspieszenie_cmp_lt0000_cy<23>
                                                       display/wezkwadrat/Mcompar_przyspieszenie_cmp_lt0000_cy<22>
                                                       display/wezkwadrat/Mcompar_przyspieszenie_cmp_lt0000_cy<23>
    SLICE_X18Y27.CIN     net (fanout=1)        0.000   display/wezkwadrat/Mcompar_przyspieszenie_cmp_lt0000_cy<23>
    SLICE_X18Y27.COUT    Tbyp                  0.156   display/wezkwadrat/Mcompar_przyspieszenie_cmp_lt0000_cy<25>
                                                       display/wezkwadrat/Mcompar_przyspieszenie_cmp_lt0000_cy<24>
                                                       display/wezkwadrat/Mcompar_przyspieszenie_cmp_lt0000_cy<25>
    SLICE_X18Y28.CIN     net (fanout=1)        0.000   display/wezkwadrat/Mcompar_przyspieszenie_cmp_lt0000_cy<25>
    SLICE_X18Y28.COUT    Tbyp                  0.156   display/wezkwadrat/Mcompar_przyspieszenie_cmp_lt0000_cy<27>
                                                       display/wezkwadrat/Mcompar_przyspieszenie_cmp_lt0000_cy<26>
                                                       display/wezkwadrat/Mcompar_przyspieszenie_cmp_lt0000_cy<27>
    SLICE_X18Y29.CIN     net (fanout=1)        0.000   display/wezkwadrat/Mcompar_przyspieszenie_cmp_lt0000_cy<27>
    SLICE_X18Y29.COUT    Tbyp                  0.156   display/wezkwadrat/Mcompar_przyspieszenie_cmp_lt0000_cy<29>
                                                       display/wezkwadrat/Mcompar_przyspieszenie_cmp_lt0000_cy<28>
                                                       display/wezkwadrat/Mcompar_przyspieszenie_cmp_lt0000_cy<29>
    SLICE_X18Y30.CIN     net (fanout=1)        0.000   display/wezkwadrat/Mcompar_przyspieszenie_cmp_lt0000_cy<29>
    SLICE_X18Y30.COUT    Tbyp                  0.156   display/wezkwadrat/Mcompar_przyspieszenie_cmp_lt0000_cy<31>
                                                       display/wezkwadrat/Mcompar_przyspieszenie_cmp_lt0000_cy<30>
                                                       display/wezkwadrat/Mcompar_przyspieszenie_cmp_lt0000_cy<31>
    SLICE_X10Y23.G1      net (fanout=5)        2.185   display/wezkwadrat/Mcompar_przyspieszenie_cmp_lt0000_cy<31>
    SLICE_X10Y23.X       Tif5x                 0.853   display/wezkwadrat/bokA_not0001
                                                       display/wezkwadrat/bokA_not000111
                                                       display/wezkwadrat/bokA_not00011_f5
    SLICE_X15Y9.CE       net (fanout=16)       1.939   display/wezkwadrat/bokA_not0001
    SLICE_X15Y9.CLK      Tceck                 0.155   display/wezkwadrat/bokA<18>
                                                       display/wezkwadrat/bokA_18
    -------------------------------------------------  ---------------------------
    Total                                     12.373ns (6.250ns logic, 6.123ns route)
                                                       (50.5% logic, 49.5% route)

--------------------------------------------------------------------------------
Slack (setup path):     27.766ns (requirement - (data path - clock path skew + uncertainty))
  Source:               display/wezkwadrat/pozycjajedzeniaX_3 (FF)
  Destination:          display/wezkwadrat/bokA_18 (FF)
  Requirement:          40.000ns
  Data Path Delay:      12.241ns (Levels of Logic = 16)
  Clock Path Skew:      0.007ns (0.254 - 0.247)
  Source Clock:         clk25mhz rising at 0.000ns
  Destination Clock:    clk25mhz rising at 40.000ns
  Clock Uncertainty:    0.000ns

  Maximum Data Path: display/wezkwadrat/pozycjajedzeniaX_3 to display/wezkwadrat/bokA_18
    Location             Delay type         Delay(ns)  Physical Resource
                                                       Logical Resource(s)
    -------------------------------------------------  -------------------
    SLICE_X10Y17.XQ      Tcko                  0.521   display/wezkwadrat/pozycjajedzeniaX<3>
                                                       display/wezkwadrat/pozycjajedzeniaX_3
    SLICE_X17Y17.F1      net (fanout=3)        1.586   display/wezkwadrat/pozycjajedzeniaX<3>
    SLICE_X17Y17.COUT    Topcyf                1.026   display/wezkwadrat/przyspieszenie_add0000<3>
                                                       display/wezkwadrat/Madd_przyspieszenie_add0000_lut<3>_INV_0
                                                       display/wezkwadrat/Madd_przyspieszenie_add0000_cy<3>
                                                       display/wezkwadrat/Madd_przyspieszenie_add0000_cy<4>
    SLICE_X17Y18.CIN     net (fanout=1)        0.000   display/wezkwadrat/Madd_przyspieszenie_add0000_cy<4>
    SLICE_X17Y18.COUT    Tbyp                  0.130   display/wezkwadrat/przyspieszenie_add0000<5>
                                                       display/wezkwadrat/Madd_przyspieszenie_add0000_cy<5>
                                                       display/wezkwadrat/Madd_przyspieszenie_add0000_cy<6>
    SLICE_X17Y19.CIN     net (fanout=1)        0.000   display/wezkwadrat/Madd_przyspieszenie_add0000_cy<6>
    SLICE_X17Y19.Y       Tciny                 0.664   display/wezkwadrat/przyspieszenie_add0000<7>
                                                       display/wezkwadrat/Madd_przyspieszenie_add0000_cy<7>
                                                       display/wezkwadrat/Madd_przyspieszenie_add0000_xor<8>
    SLICE_X18Y19.F2      net (fanout=2)        0.333   display/wezkwadrat/przyspieszenie_add0000<8>
    SLICE_X18Y19.COUT    Topcyf                1.133   display/wezkwadrat/Mcompar_przyspieszenie_cmp_lt0000_cy<9>
                                                       display/wezkwadrat/Mcompar_przyspieszenie_cmp_lt0000_lut<8>
                                                       display/wezkwadrat/Mcompar_przyspieszenie_cmp_lt0000_cy<8>
                                                       display/wezkwadrat/Mcompar_przyspieszenie_cmp_lt0000_cy<9>
    SLICE_X18Y20.CIN     net (fanout=1)        0.000   display/wezkwadrat/Mcompar_przyspieszenie_cmp_lt0000_cy<9>
    SLICE_X18Y20.COUT    Tbyp                  0.156   display/wezkwadrat/Mcompar_przyspieszenie_cmp_lt0000_cy<11>
                                                       display/wezkwadrat/Mcompar_przyspieszenie_cmp_lt0000_cy<10>
                                                       display/wezkwadrat/Mcompar_przyspieszenie_cmp_lt0000_cy<11>
    SLICE_X18Y21.CIN     net (fanout=1)        0.000   display/wezkwadrat/Mcompar_przyspieszenie_cmp_lt0000_cy<11>
    SLICE_X18Y21.COUT    Tbyp                  0.156   display/wezkwadrat/Mcompar_przyspieszenie_cmp_lt0000_cy<13>
                                                       display/wezkwadrat/Mcompar_przyspieszenie_cmp_lt0000_cy<12>
                                                       display/wezkwadrat/Mcompar_przyspieszenie_cmp_lt0000_cy<13>
    SLICE_X18Y22.CIN     net (fanout=1)        0.000   display/wezkwadrat/Mcompar_przyspieszenie_cmp_lt0000_cy<13>
    SLICE_X18Y22.COUT    Tbyp                  0.156   display/wezkwadrat/Mcompar_przyspieszenie_cmp_lt0000_cy<15>
                                                       display/wezkwadrat/Mcompar_przyspieszenie_cmp_lt0000_cy<14>
                                                       display/wezkwadrat/Mcompar_przyspieszenie_cmp_lt0000_cy<15>
    SLICE_X18Y23.CIN     net (fanout=1)        0.000   display/wezkwadrat/Mcompar_przyspieszenie_cmp_lt0000_cy<15>
    SLICE_X18Y23.COUT    Tbyp                  0.156   display/wezkwadrat/Mcompar_przyspieszenie_cmp_lt0000_cy<17>
                                                       display/wezkwadrat/Mcompar_przyspieszenie_cmp_lt0000_cy<16>
                                                       display/wezkwadrat/Mcompar_przyspieszenie_cmp_lt0000_cy<17>
    SLICE_X18Y24.CIN     net (fanout=1)        0.000   display/wezkwadrat/Mcompar_przyspieszenie_cmp_lt0000_cy<17>
    SLICE_X18Y24.COUT    Tbyp                  0.156   display/wezkwadrat/Mcompar_przyspieszenie_cmp_lt0000_cy<19>
                                                       display/wezkwadrat/Mcompar_przyspieszenie_cmp_lt0000_cy<18>
                                                       display/wezkwadrat/Mcompar_przyspieszenie_cmp_lt0000_cy<19>
    SLICE_X18Y25.CIN     net (fanout=1)        0.000   display/wezkwadrat/Mcompar_przyspieszenie_cmp_lt0000_cy<19>
    SLICE_X18Y25.COUT    Tbyp                  0.156   display/wezkwadrat/Mcompar_przyspieszenie_cmp_lt0000_cy<21>
                                                       display/wezkwadrat/Mcompar_przyspieszenie_cmp_lt0000_cy<20>
                                                       display/wezkwadrat/Mcompar_przyspieszenie_cmp_lt0000_cy<21>
    SLICE_X18Y26.CIN     net (fanout=1)        0.000   display/wezkwadrat/Mcompar_przyspieszenie_cmp_lt0000_cy<21>
    SLICE_X18Y26.COUT    Tbyp                  0.156   display/wezkwadrat/Mcompar_przyspieszenie_cmp_lt0000_cy<23>
                                                       display/wezkwadrat/Mcompar_przyspieszenie_cmp_lt0000_cy<22>
                                                       display/wezkwadrat/Mcompar_przyspieszenie_cmp_lt0000_cy<23>
    SLICE_X18Y27.CIN     net (fanout=1)        0.000   display/wezkwadrat/Mcompar_przyspieszenie_cmp_lt0000_cy<23>
    SLICE_X18Y27.COUT    Tbyp                  0.156   display/wezkwadrat/Mcompar_przyspieszenie_cmp_lt0000_cy<25>
                                                       display/wezkwadrat/Mcompar_przyspieszenie_cmp_lt0000_cy<24>
                                                       display/wezkwadrat/Mcompar_przyspieszenie_cmp_lt0000_cy<25>
    SLICE_X18Y28.CIN     net (fanout=1)        0.000   display/wezkwadrat/Mcompar_przyspieszenie_cmp_lt0000_cy<25>
    SLICE_X18Y28.COUT    Tbyp                  0.156   display/wezkwadrat/Mcompar_przyspieszenie_cmp_lt0000_cy<27>
                                                       display/wezkwadrat/Mcompar_przyspieszenie_cmp_lt0000_cy<26>
                                                       display/wezkwadrat/Mcompar_przyspieszenie_cmp_lt0000_cy<27>
    SLICE_X18Y29.CIN     net (fanout=1)        0.000   display/wezkwadrat/Mcompar_przyspieszenie_cmp_lt0000_cy<27>
    SLICE_X18Y29.COUT    Tbyp                  0.156   display/wezkwadrat/Mcompar_przyspieszenie_cmp_lt0000_cy<29>
                                                       display/wezkwadrat/Mcompar_przyspieszenie_cmp_lt0000_cy<28>
                                                       display/wezkwadrat/Mcompar_przyspieszenie_cmp_lt0000_cy<29>
    SLICE_X18Y30.CIN     net (fanout=1)        0.000   display/wezkwadrat/Mcompar_przyspieszenie_cmp_lt0000_cy<29>
    SLICE_X18Y30.COUT    Tbyp                  0.156   display/wezkwadrat/Mcompar_przyspieszenie_cmp_lt0000_cy<31>
                                                       display/wezkwadrat/Mcompar_przyspieszenie_cmp_lt0000_cy<30>
                                                       display/wezkwadrat/Mcompar_przyspieszenie_cmp_lt0000_cy<31>
    SLICE_X10Y23.G1      net (fanout=5)        2.185   display/wezkwadrat/Mcompar_przyspieszenie_cmp_lt0000_cy<31>
    SLICE_X10Y23.X       Tif5x                 0.853   display/wezkwadrat/bokA_not0001
                                                       display/wezkwadrat/bokA_not000111
                                                       display/wezkwadrat/bokA_not00011_f5
    SLICE_X15Y9.CE       net (fanout=16)       1.939   display/wezkwadrat/bokA_not0001
    SLICE_X15Y9.CLK      Tceck                 0.155   display/wezkwadrat/bokA<18>
                                                       display/wezkwadrat/bokA_18
    -------------------------------------------------  ---------------------------
    Total                                     12.241ns (6.198ns logic, 6.043ns route)
                                                       (50.6% logic, 49.4% route)

--------------------------------------------------------------------------------
Slack (setup path):     27.793ns (requirement - (data path - clock path skew + uncertainty))
  Source:               display/wezkwadrat/pozycjajedzeniaX_3 (FF)
  Destination:          display/wezkwadrat/bokA_18 (FF)
  Requirement:          40.000ns
  Data Path Delay:      12.214ns (Levels of Logic = 17)
  Clock Path Skew:      0.007ns (0.254 - 0.247)
  Source Clock:         clk25mhz rising at 0.000ns
  Destination Clock:    clk25mhz rising at 40.000ns
  Clock Uncertainty:    0.000ns

  Maximum Data Path: display/wezkwadrat/pozycjajedzeniaX_3 to display/wezkwadrat/bokA_18
    Location             Delay type         Delay(ns)  Physical Resource
                                                       Logical Resource(s)
    -------------------------------------------------  -------------------
    SLICE_X10Y17.XQ      Tcko                  0.521   display/wezkwadrat/pozycjajedzeniaX<3>
                                                       display/wezkwadrat/pozycjajedzeniaX_3
    SLICE_X17Y17.F1      net (fanout=3)        1.586   display/wezkwadrat/pozycjajedzeniaX<3>
    SLICE_X17Y17.COUT    Topcyf                1.026   display/wezkwadrat/przyspieszenie_add0000<3>
                                                       display/wezkwadrat/Madd_przyspieszenie_add0000_lut<3>_INV_0
                                                       display/wezkwadrat/Madd_przyspieszenie_add0000_cy<3>
                                                       display/wezkwadrat/Madd_przyspieszenie_add0000_cy<4>
    SLICE_X17Y18.CIN     net (fanout=1)        0.000   display/wezkwadrat/Madd_przyspieszenie_add0000_cy<4>
    SLICE_X17Y18.X       Tcinx                 0.489   display/wezkwadrat/przyspieszenie_add0000<5>
                                                       display/wezkwadrat/Madd_przyspieszenie_add0000_xor<5>
    SLICE_X18Y17.G3      net (fanout=2)        0.305   display/wezkwadrat/przyspieszenie_add0000<5>
    SLICE_X18Y17.COUT    Topcyg                1.127   display/wezkwadrat/Mcompar_przyspieszenie_cmp_lt0000_cy<5>
                                                       display/wezkwadrat/Mcompar_przyspieszenie_cmp_lt0000_lut<5>
                                                       display/wezkwadrat/Mcompar_przyspieszenie_cmp_lt0000_cy<5>
    SLICE_X18Y18.CIN     net (fanout=1)        0.000   display/wezkwadrat/Mcompar_przyspieszenie_cmp_lt0000_cy<5>
    SLICE_X18Y18.COUT    Tbyp                  0.156   display/wezkwadrat/Mcompar_przyspieszenie_cmp_lt0000_cy<7>
                                                       display/wezkwadrat/Mcompar_przyspieszenie_cmp_lt0000_cy<6>
                                                       display/wezkwadrat/Mcompar_przyspieszenie_cmp_lt0000_cy<7>
    SLICE_X18Y19.CIN     net (fanout=1)        0.000   display/wezkwadrat/Mcompar_przyspieszenie_cmp_lt0000_cy<7>
    SLICE_X18Y19.COUT    Tbyp                  0.156   display/wezkwadrat/Mcompar_przyspieszenie_cmp_lt0000_cy<9>
                                                       display/wezkwadrat/Mcompar_przyspieszenie_cmp_lt0000_cy<8>
                                                       display/wezkwadrat/Mcompar_przyspieszenie_cmp_lt0000_cy<9>
    SLICE_X18Y20.CIN     net (fanout=1)        0.000   display/wezkwadrat/Mcompar_przyspieszenie_cmp_lt0000_cy<9>
    SLICE_X18Y20.COUT    Tbyp                  0.156   display/wezkwadrat/Mcompar_przyspieszenie_cmp_lt0000_cy<11>
                                                       display/wezkwadrat/Mcompar_przyspieszenie_cmp_lt0000_cy<10>
                                                       display/wezkwadrat/Mcompar_przyspieszenie_cmp_lt0000_cy<11>
    SLICE_X18Y21.CIN     net (fanout=1)        0.000   display/wezkwadrat/Mcompar_przyspieszenie_cmp_lt0000_cy<11>
    SLICE_X18Y21.COUT    Tbyp                  0.156   display/wezkwadrat/Mcompar_przyspieszenie_cmp_lt0000_cy<13>
                                                       display/wezkwadrat/Mcompar_przyspieszenie_cmp_lt0000_cy<12>
                                                       display/wezkwadrat/Mcompar_przyspieszenie_cmp_lt0000_cy<13>
    SLICE_X18Y22.CIN     net (fanout=1)        0.000   display/wezkwadrat/Mcompar_przyspieszenie_cmp_lt0000_cy<13>
    SLICE_X18Y22.COUT    Tbyp                  0.156   display/wezkwadrat/Mcompar_przyspieszenie_cmp_lt0000_cy<15>
                                                       display/wezkwadrat/Mcompar_przyspieszenie_cmp_lt0000_cy<14>
                                                       display/wezkwadrat/Mcompar_przyspieszenie_cmp_lt0000_cy<15>
    SLICE_X18Y23.CIN     net (fanout=1)        0.000   display/wezkwadrat/Mcompar_przyspieszenie_cmp_lt0000_cy<15>
    SLICE_X18Y23.COUT    Tbyp                  0.156   display/wezkwadrat/Mcompar_przyspieszenie_cmp_lt0000_cy<17>
                                                       display/wezkwadrat/Mcompar_przyspieszenie_cmp_lt0000_cy<16>
                                                       display/wezkwadrat/Mcompar_przyspieszenie_cmp_lt0000_cy<17>
    SLICE_X18Y24.CIN     net (fanout=1)        0.000   display/wezkwadrat/Mcompar_przyspieszenie_cmp_lt0000_cy<17>
    SLICE_X18Y24.COUT    Tbyp                  0.156   display/wezkwadrat/Mcompar_przyspieszenie_cmp_lt0000_cy<19>
                                                       display/wezkwadrat/Mcompar_przyspieszenie_cmp_lt0000_cy<18>
                                                       display/wezkwadrat/Mcompar_przyspieszenie_cmp_lt0000_cy<19>
    SLICE_X18Y25.CIN     net (fanout=1)        0.000   display/wezkwadrat/Mcompar_przyspieszenie_cmp_lt0000_cy<19>
    SLICE_X18Y25.COUT    Tbyp                  0.156   display/wezkwadrat/Mcompar_przyspieszenie_cmp_lt0000_cy<21>
                                                       display/wezkwadrat/Mcompar_przyspieszenie_cmp_lt0000_cy<20>
                                                       display/wezkwadrat/Mcompar_przyspieszenie_cmp_lt0000_cy<21>
    SLICE_X18Y26.CIN     net (fanout=1)        0.000   display/wezkwadrat/Mcompar_przyspieszenie_cmp_lt0000_cy<21>
    SLICE_X18Y26.COUT    Tbyp                  0.156   display/wezkwadrat/Mcompar_przyspieszenie_cmp_lt0000_cy<23>
                                                       display/wezkwadrat/Mcompar_przyspieszenie_cmp_lt0000_cy<22>
                                                       display/wezkwadrat/Mcompar_przyspieszenie_cmp_lt0000_cy<23>
    SLICE_X18Y27.CIN     net (fanout=1)        0.000   display/wezkwadrat/Mcompar_przyspieszenie_cmp_lt0000_cy<23>
    SLICE_X18Y27.COUT    Tbyp                  0.156   display/wezkwadrat/Mcompar_przyspieszenie_cmp_lt0000_cy<25>
                                                       display/wezkwadrat/Mcompar_przyspieszenie_cmp_lt0000_cy<24>
                                                       display/wezkwadrat/Mcompar_przyspieszenie_cmp_lt0000_cy<25>
    SLICE_X18Y28.CIN     net (fanout=1)        0.000   display/wezkwadrat/Mcompar_przyspieszenie_cmp_lt0000_cy<25>
    SLICE_X18Y28.COUT    Tbyp                  0.156   display/wezkwadrat/Mcompar_przyspieszenie_cmp_lt0000_cy<27>
                                                       display/wezkwadrat/Mcompar_przyspieszenie_cmp_lt0000_cy<26>
                                                       display/wezkwadrat/Mcompar_przyspieszenie_cmp_lt0000_cy<27>
    SLICE_X18Y29.CIN     net (fanout=1)        0.000   display/wezkwadrat/Mcompar_przyspieszenie_cmp_lt0000_cy<27>
    SLICE_X18Y29.COUT    Tbyp                  0.156   display/wezkwadrat/Mcompar_przyspieszenie_cmp_lt0000_cy<29>
                                                       display/wezkwadrat/Mcompar_przyspieszenie_cmp_lt0000_cy<28>
                                                       display/wezkwadrat/Mcompar_przyspieszenie_cmp_lt0000_cy<29>
    SLICE_X18Y30.CIN     net (fanout=1)        0.000   display/wezkwadrat/Mcompar_przyspieszenie_cmp_lt0000_cy<29>
    SLICE_X18Y30.COUT    Tbyp                  0.156   display/wezkwadrat/Mcompar_przyspieszenie_cmp_lt0000_cy<31>
                                                       display/wezkwadrat/Mcompar_przyspieszenie_cmp_lt0000_cy<30>
                                                       display/wezkwadrat/Mcompar_przyspieszenie_cmp_lt0000_cy<31>
    SLICE_X10Y23.G1      net (fanout=5)        2.185   display/wezkwadrat/Mcompar_przyspieszenie_cmp_lt0000_cy<31>
    SLICE_X10Y23.X       Tif5x                 0.853   display/wezkwadrat/bokA_not0001
                                                       display/wezkwadrat/bokA_not000111
                                                       display/wezkwadrat/bokA_not00011_f5
    SLICE_X15Y9.CE       net (fanout=16)       1.939   display/wezkwadrat/bokA_not0001
    SLICE_X15Y9.CLK      Tceck                 0.155   display/wezkwadrat/bokA<18>
                                                       display/wezkwadrat/bokA_18
    -------------------------------------------------  ---------------------------
    Total                                     12.214ns (6.199ns logic, 6.015ns route)
                                                       (50.8% logic, 49.2% route)

--------------------------------------------------------------------------------

Hold Paths: PERIOD analysis for net "pixel_clock/CLKFX_BUF" derived from
 NET "pixel_clock/CLKIN_IBUFG" PERIOD = 83.3333333 ns HIGH 50%;
 divided by 2.08 to 40.000 nS and duty cycle corrected to HIGH 19.999 nS 

--------------------------------------------------------------------------------

Paths for end point display/wezkwadrat/pozycjajedzeniaY_21 (SLICE_X0Y22.BX), 1 path
--------------------------------------------------------------------------------
Slack (hold path):      0.856ns (requirement - (clock path skew + uncertainty - data path))
  Source:               display/wezkwadrat/losY_21 (FF)
  Destination:          display/wezkwadrat/pozycjajedzeniaY_21 (FF)
  Requirement:          0.000ns
  Data Path Delay:      0.867ns (Levels of Logic = 0)
  Clock Path Skew:      0.011ns (0.075 - 0.064)
  Source Clock:         clk25mhz rising at 40.000ns
  Destination Clock:    clk25mhz rising at 40.000ns
  Clock Uncertainty:    0.000ns

  Minimum Data Path: display/wezkwadrat/losY_21 to display/wezkwadrat/pozycjajedzeniaY_21
    Location             Delay type         Delay(ns)  Physical Resource
                                                       Logical Resource(s)
    -------------------------------------------------  -------------------
    SLICE_X1Y22.YQ       Tcko                  0.419   display/wezkwadrat/losY<20>
                                                       display/wezkwadrat/losY_21
    SLICE_X0Y22.BX       net (fanout=3)        0.346   display/wezkwadrat/losY<21>
    SLICE_X0Y22.CLK      Tckdi       (-Th)    -0.102   display/wezkwadrat/pozycjajedzeniaY<21>
                                                       display/wezkwadrat/pozycjajedzeniaY_21
    -------------------------------------------------  ---------------------------
    Total                                      0.867ns (0.521ns logic, 0.346ns route)
                                                       (60.1% logic, 39.9% route)

--------------------------------------------------------------------------------

Paths for end point display/wezkwadrat/pozycjajedzeniaY_24 (SLICE_X0Y24.BY), 1 path
--------------------------------------------------------------------------------
Slack (hold path):      0.878ns (requirement - (clock path skew + uncertainty - data path))
  Source:               display/wezkwadrat/losY_24 (FF)
  Destination:          display/wezkwadrat/pozycjajedzeniaY_24 (FF)
  Requirement:          0.000ns
  Data Path Delay:      0.891ns (Levels of Logic = 0)
  Clock Path Skew:      0.013ns (0.090 - 0.077)
  Source Clock:         clk25mhz rising at 40.000ns
  Destination Clock:    clk25mhz rising at 40.000ns
  Clock Uncertainty:    0.000ns

  Minimum Data Path: display/wezkwadrat/losY_24 to display/wezkwadrat/pozycjajedzeniaY_24
    Location             Delay type         Delay(ns)  Physical Resource
                                                       Logical Resource(s)
    -------------------------------------------------  -------------------
    SLICE_X1Y24.XQ       Tcko                  0.396   display/wezkwadrat/losY<24>
                                                       display/wezkwadrat/losY_24
    SLICE_X0Y24.BY       net (fanout=3)        0.358   display/wezkwadrat/losY<24>
    SLICE_X0Y24.CLK      Tckdi       (-Th)    -0.137   display/wezkwadrat/pozycjajedzeniaY<25>
                                                       display/wezkwadrat/pozycjajedzeniaY_24
    -------------------------------------------------  ---------------------------
    Total                                      0.891ns (0.533ns logic, 0.358ns route)
                                                       (59.8% logic, 40.2% route)

--------------------------------------------------------------------------------

Paths for end point display/wezkwadrat/pozycjajedzeniaY_28 (SLICE_X2Y29.BY), 1 path
--------------------------------------------------------------------------------
Slack (hold path):      0.891ns (requirement - (clock path skew + uncertainty - data path))
  Source:               display/wezkwadrat/losY_28 (FF)
  Destination:          display/wezkwadrat/pozycjajedzeniaY_28 (FF)
  Requirement:          0.000ns
  Data Path Delay:      0.851ns (Levels of Logic = 0)
  Clock Path Skew:      -0.040ns (0.279 - 0.319)
  Source Clock:         clk25mhz rising at 40.000ns
  Destination Clock:    clk25mhz rising at 40.000ns
  Clock Uncertainty:    0.000ns

  Minimum Data Path: display/wezkwadrat/losY_28 to display/wezkwadrat/pozycjajedzeniaY_28
    Location             Delay type         Delay(ns)  Physical Resource
                                                       Logical Resource(s)
    -------------------------------------------------  -------------------
    SLICE_X1Y26.XQ       Tcko                  0.396   display/wezkwadrat/losY<28>
                                                       display/wezkwadrat/losY_28
    SLICE_X2Y29.BY       net (fanout=3)        0.318   display/wezkwadrat/losY<28>
    SLICE_X2Y29.CLK      Tckdi       (-Th)    -0.137   display/wezkwadrat/pozycjajedzeniaY<29>
                                                       display/wezkwadrat/pozycjajedzeniaY_28
    -------------------------------------------------  ---------------------------
    Total                                      0.851ns (0.533ns logic, 0.318ns route)
                                                       (62.6% logic, 37.4% route)

--------------------------------------------------------------------------------

Component Switching Limit Checks: PERIOD analysis for net "pixel_clock/CLKFX_BUF" derived from
 NET "pixel_clock/CLKIN_IBUFG" PERIOD = 83.3333333 ns HIGH 50%;
 divided by 2.08 to 40.000 nS and duty cycle corrected to HIGH 19.999 nS 

--------------------------------------------------------------------------------
Slack: 36.998ns (period - min period limit)
  Period: 40.000ns
  Min period limit: 3.002ns (333.111MHz) ()
  Physical resource: pixel_clock/DCM_SP_INST/CLKFX
  Logical resource: pixel_clock/DCM_SP_INST/CLKFX
  Location pin: DCM_X0Y0.CLKFX
  Clock network: pixel_clock/CLKFX_BUF
--------------------------------------------------------------------------------
Slack: 38.672ns (period - (min high pulse limit / (high pulse / period)))
  Period: 40.000ns
  High pulse: 19.999ns
  High pulse limit: 0.664ns (Tch)
  Physical resource: display/x<0>/CLK
  Logical resource: display/x_0/CK
  Location pin: SLICE_X22Y16.CLK
  Clock network: clk25mhz
--------------------------------------------------------------------------------
Slack: 38.672ns (period - (min high pulse limit / (high pulse / period)))
  Period: 40.000ns
  High pulse: 19.999ns
  High pulse limit: 0.664ns (Tch)
  Physical resource: display/x<0>/CLK
  Logical resource: display/x_1/CK
  Location pin: SLICE_X22Y16.CLK
  Clock network: clk25mhz
--------------------------------------------------------------------------------


Derived Constraint Report
Derived Constraints for pixel_clock/CLKIN_IBUFG
+-------------------------------+-------------+-------------+-------------+-------------+-------------+-------------+-------------+
|                               |   Period    |       Actual Period       |      Timing Errors        |      Paths Analyzed       |
|           Constraint          | Requirement |-------------+-------------|-------------+-------------|-------------+-------------|
|                               |             |   Direct    | Derivative  |   Direct    | Derivative  |   Direct    | Derivative  |
+-------------------------------+-------------+-------------+-------------+-------------+-------------+-------------+-------------+
|pixel_clock/CLKIN_IBUFG        |     83.333ns|     20.000ns|     25.763ns|            0|            0|            0|       930328|
| pixel_clock/CLKFX_BUF         |     40.000ns|     12.366ns|          N/A|            0|            0|       930328|            0|
+-------------------------------+-------------+-------------+-------------+-------------+-------------+-------------+-------------+

All constraints were met.


Data Sheet report:
-----------------
All values displayed in nanoseconds (ns)

Clock to Setup on destination clock clk
---------------+---------+---------+---------+---------+
               | Src:Rise| Src:Fall| Src:Rise| Src:Fall|
Source Clock   |Dest:Rise|Dest:Rise|Dest:Fall|Dest:Fall|
---------------+---------+---------+---------+---------+
clk            |   12.366|         |         |         |
---------------+---------+---------+---------+---------+


Timing summary:
---------------

Timing errors: 0  Score: 0  (Setup/Max: 0, Hold: 0)

Constraints cover 930328 paths, 0 nets, and 3353 connections

Design statistics:
   Minimum period:  20.000ns{1}   (Maximum frequency:  50.000MHz)


------------------------------------Footnotes-----------------------------------
1)  The minimum period statistic assumes all single cycle delays.

Analysis completed Tue May 05 20:44:08 2020 
--------------------------------------------------------------------------------

Trace Settings:
-------------------------
Trace Settings 

Peak Memory Usage: 4539 MB



