EN kwadrat NULL D:/projekty/GraVGA/kwadrat.vhd sub00/vhpl00 1585028540
AR gra behavioral D:/projekty/GraVGA/gra.vhd sub00/vhpl07 1585028547
AR kwadrat behavioral D:/projekty/GraVGA/kwadrat.vhd sub00/vhpl01 1585028541
EN gra NULL D:/projekty/GraVGA/gra.vhd sub00/vhpl06 1585028546
EN synchronizacja NULL D:/projekty/GraVGA/synchronizacja.vhd sub00/vhpl04 1585028544
AR synchronizacja behavioral D:/projekty/GraVGA/synchronizacja.vhd sub00/vhpl05 1585028545
EN czestotliwosc NULL D:/projekty/GraVGA/czestotliwosc.vhd sub00/vhpl02 1585028542
AR czestotliwosc behavioral D:/projekty/GraVGA/czestotliwosc.vhd sub00/vhpl03 1585028543
