EN kwadrat NULL D:/projekty/GraVGA/kwadrat.vhd sub00/vhpl00 1587340587
AR gra behavioral D:/projekty/GraVGA/gra.vhd sub00/vhpl07 1587340594
AR kwadrat behavioral D:/projekty/GraVGA/kwadrat.vhd sub00/vhpl01 1587340588
EN gra NULL D:/projekty/GraVGA/gra.vhd sub00/vhpl06 1587340593
EN synchronizacja NULL D:/projekty/GraVGA/synchronizacja.vhd sub00/vhpl04 1587340591
AR synchronizacja behavioral D:/projekty/GraVGA/synchronizacja.vhd sub00/vhpl05 1587340592
EN czestotliwosc NULL D:/projekty/GraVGA/czestotliwosc.vhd sub00/vhpl02 1587340589
AR czestotliwosc behavioral D:/projekty/GraVGA/czestotliwosc.vhd sub00/vhpl03 1587340590
